Component: ARM Compiler 5.06 update 6 (build 750) Tool: armlink [4d35ed]

==============================================================================

Section Cross References

    startup_stm32f103xb.o(RESET) refers to startup_stm32f103xb.o(STACK) for __initial_sp
    startup_stm32f103xb.o(RESET) refers to startup_stm32f103xb.o(.text) for Reset_Handler
    startup_stm32f103xb.o(RESET) refers to stm32f1xx_it.o(i.NMI_Handler) for NMI_Handler
    startup_stm32f103xb.o(RESET) refers to stm32f1xx_it.o(i.HardFault_Handler) for HardFault_Handler
    startup_stm32f103xb.o(RESET) refers to stm32f1xx_it.o(i.MemManage_Handler) for MemManage_Handler
    startup_stm32f103xb.o(RESET) refers to stm32f1xx_it.o(i.BusFault_Handler) for BusFault_Handler
    startup_stm32f103xb.o(RESET) refers to stm32f1xx_it.o(i.UsageFault_Handler) for UsageFault_Handler
    startup_stm32f103xb.o(RESET) refers to stm32f1xx_it.o(i.SVC_Handler) for SVC_Handler
    startup_stm32f103xb.o(RESET) refers to stm32f1xx_it.o(i.DebugMon_Handler) for DebugMon_Handler
    startup_stm32f103xb.o(RESET) refers to stm32f1xx_it.o(i.PendSV_Handler) for PendSV_Handler
    startup_stm32f103xb.o(RESET) refers to stm32f1xx_it.o(i.SysTick_Handler) for SysTick_Handler
    startup_stm32f103xb.o(.text) refers to system_stm32f1xx.o(i.SystemInit) for SystemInit
    startup_stm32f103xb.o(.text) refers to entry.o(.ARM.Collect$$$$00000000) for __main
    main.o(i.MX_GPIO_Init) refers to stm32f1xx_hal_gpio.o(i.HAL_GPIO_WritePin) for HAL_GPIO_WritePin
    main.o(i.MX_GPIO_Init) refers to stm32f1xx_hal_gpio.o(i.HAL_GPIO_Init) for HAL_GPIO_Init
    main.o(i.MX_TIM2_Init) refers to memseta.o(.text) for __aeabi_memclr4
    main.o(i.MX_TIM2_Init) refers to stm32f1xx_hal_tim.o(i.HAL_TIM_OC_Init) for HAL_TIM_OC_Init
    main.o(i.MX_TIM2_Init) refers to stm32f1xx_hal_tim_ex.o(i.HAL_TIMEx_MasterConfigSynchronization) for HAL_TIMEx_MasterConfigSynchronization
    main.o(i.MX_TIM2_Init) refers to stm32f1xx_hal_tim.o(i.HAL_TIM_OC_ConfigChannel) for HAL_TIM_OC_ConfigChannel
    main.o(i.MX_TIM2_Init) refers to stm32f1xx_hal_msp.o(i.HAL_TIM_MspPostInit) for HAL_TIM_MspPostInit
    main.o(i.MX_TIM2_Init) refers to main.o(.bss) for .bss
    main.o(i.SystemClock_Config) refers to memseta.o(.text) for __aeabi_memclr4
    main.o(i.SystemClock_Config) refers to stm32f1xx_hal_rcc.o(i.HAL_RCC_OscConfig) for HAL_RCC_OscConfig
    main.o(i.SystemClock_Config) refers to stm32f1xx_hal_rcc.o(i.HAL_RCC_ClockConfig) for HAL_RCC_ClockConfig
    main.o(i.main) refers to gui.o(i.GUI_menu__init__) for GUI_menu__init__
    main.o(i.main) refers to gui.o(i.GUI_about__init__) for GUI_about__init__
    main.o(i.main) refers to gui.o(i.GUI_mainwindow__init__) for GUI_mainwindow__init__
    main.o(i.main) refers to gui.o(i.GUI_show_speed__init__) for GUI_show_speed__init__
    main.o(i.main) refers to gui.o(i.GUI_set_speed__init__) for GUI_set_speed__init__
    main.o(i.main) refers to gui.o(i.GUI_settingSpeed__init__) for GUI_settingSpeed__init__
    main.o(i.main) refers to gui.o(i.GUI_invalid__init__) for GUI_invalid__init__
    main.o(i.main) refers to stm32f1xx_hal.o(i.HAL_Init) for HAL_Init
    main.o(i.main) refers to main.o(i.SystemClock_Config) for SystemClock_Config
    main.o(i.main) refers to main.o(i.MX_GPIO_Init) for MX_GPIO_Init
    main.o(i.main) refers to stm32f1xx_hal_i2c.o(i.HAL_I2C_Init) for HAL_I2C_Init
    main.o(i.main) refers to main.o(i.MX_TIM2_Init) for MX_TIM2_Init
    main.o(i.main) refers to ssd1306.o(i.ssd1306_Init) for ssd1306_Init
    main.o(i.main) refers to keypad.o(i.keypad_init) for keypad_init
    main.o(i.main) refers to main.o(i.stepper_Init) for stepper_Init
    main.o(i.main) refers to stm32f1xx_hal_tim.o(i.HAL_TIM_OC_Start) for HAL_TIM_OC_Start
    main.o(i.main) refers to stm32f1xx_hal_gpio.o(i.HAL_GPIO_WritePin) for HAL_GPIO_WritePin
    main.o(i.main) refers to gui.o(i.GUI_newScreen) for GUI_newScreen
    main.o(i.main) refers to stm32f1xx_hal.o(i.HAL_Delay) for HAL_Delay
    main.o(i.main) refers to stm32f1xx_hal_gpio.o(i.HAL_GPIO_TogglePin) for HAL_GPIO_TogglePin
    main.o(i.main) refers to gui.o(i.GUI_router) for GUI_router
    main.o(i.main) refers to main.o(.bss) for .bss
    main.o(i.stepper_Init) refers to stepper.o(i.stepper_init) for stepper_init
    stm32f1xx_it.o(i.SysTick_Handler) refers to stm32f1xx_hal.o(i.HAL_IncTick) for HAL_IncTick
    stm32f1xx_hal_msp.o(i.HAL_I2C_MspDeInit) refers to stm32f1xx_hal_gpio.o(i.HAL_GPIO_DeInit) for HAL_GPIO_DeInit
    stm32f1xx_hal_msp.o(i.HAL_I2C_MspInit) refers to stm32f1xx_hal_gpio.o(i.HAL_GPIO_Init) for HAL_GPIO_Init
    stm32f1xx_hal_msp.o(i.HAL_TIM_MspPostInit) refers to stm32f1xx_hal_gpio.o(i.HAL_GPIO_Init) for HAL_GPIO_Init
    stm32f1xx_hal_i2c.o(i.HAL_I2C_DeInit) refers to stm32f1xx_hal_msp.o(i.HAL_I2C_MspDeInit) for HAL_I2C_MspDeInit
    stm32f1xx_hal_i2c.o(i.HAL_I2C_ER_IRQHandler) refers to stm32f1xx_hal_i2c.o(i.I2C_Slave_AF) for I2C_Slave_AF
[...]
    Removing stm32f1xx_hal_tim.o(i.HAL_TIM_OnePulse_ConfigChannel), (218 bytes).
    Removing stm32f1xx_hal_tim.o(i.HAL_TIM_OnePulse_DeInit), (76 bytes).
    Removing stm32f1xx_hal_tim.o(i.HAL_TIM_OnePulse_GetState), (6 bytes).
    Removing stm32f1xx_hal_tim.o(i.HAL_TIM_OnePulse_Init), (86 bytes).
    Removing stm32f1xx_hal_tim.o(i.HAL_TIM_OnePulse_MspDeInit), (2 bytes).
    Removing stm32f1xx_hal_tim.o(i.HAL_TIM_OnePulse_MspInit), (2 bytes).
    Removing stm32f1xx_hal_tim.o(i.HAL_TIM_OnePulse_Start), (104 bytes).
    Removing stm32f1xx_hal_tim.o(i.HAL_TIM_OnePulse_Start_IT), (124 bytes).
    Removing stm32f1xx_hal_tim.o(i.HAL_TIM_OnePulse_Stop), (100 bytes).
    Removing stm32f1xx_hal_tim.o(i.HAL_TIM_OnePulse_Stop_IT), (120 bytes).
    Removing stm32f1xx_hal_tim.o(i.HAL_TIM_PWM_ConfigChannel), (198 bytes).
    Removing stm32f1xx_hal_tim.o(i.HAL_TIM_PWM_DeInit), (92 bytes).
    Removing stm32f1xx_hal_tim.o(i.HAL_TIM_PWM_GetState), (6 bytes).
    Removing stm32f1xx_hal_tim.o(i.HAL_TIM_PWM_Init), (90 bytes).
    Removing stm32f1xx_hal_tim.o(i.HAL_TIM_PWM_MspDeInit), (2 bytes).
    Removing stm32f1xx_hal_tim.o(i.HAL_TIM_PWM_MspInit), (2 bytes).
    Removing stm32f1xx_hal_tim.o(i.HAL_TIM_PWM_PulseFinishedCallback), (2 bytes).
    Removing stm32f1xx_hal_tim.o(i.HAL_TIM_PWM_PulseFinishedHalfCpltCallback), (2 bytes).
    Removing stm32f1xx_hal_tim.o(i.HAL_TIM_PWM_Start), (156 bytes).
    Removing stm32f1xx_hal_tim.o(i.HAL_TIM_PWM_Start_DMA), (388 bytes).
    Removing stm32f1xx_hal_tim.o(i.HAL_TIM_PWM_Start_IT), (196 bytes).
    Removing stm32f1xx_hal_tim.o(i.HAL_TIM_PWM_Stop), (112 bytes).
    Removing stm32f1xx_hal_tim.o(i.HAL_TIM_PWM_Stop_DMA), (184 bytes).
    Removing stm32f1xx_hal_tim.o(i.HAL_TIM_PWM_Stop_IT), (164 bytes).
    Removing stm32f1xx_hal_tim.o(i.HAL_TIM_PeriodElapsedCallback), (2 bytes).
    Removing stm32f1xx_hal_tim.o(i.HAL_TIM_PeriodElapsedHalfCpltCallback), (2 bytes).
    Removing stm32f1xx_hal_tim.o(i.HAL_TIM_ReadCapturedValue), (42 bytes).
    Removing stm32f1xx_hal_tim.o(i.HAL_TIM_SlaveConfigSynchro), (86 bytes).
    Removing stm32f1xx_hal_tim.o(i.HAL_TIM_SlaveConfigSynchro_IT), (86 bytes).
    Removing stm32f1xx_hal_tim.o(i.HAL_TIM_TriggerCallback), (2 bytes).
    Removing stm32f1xx_hal_tim.o(i.HAL_TIM_TriggerHalfCpltCallback), (2 bytes).
    Removing stm32f1xx_hal_tim.o(i.TIM_DMACaptureCplt), (110 bytes).
    Removing stm32f1xx_hal_tim.o(i.TIM_DMACaptureHalfCplt), (56 bytes).
    Removing stm32f1xx_hal_tim.o(i.TIM_DMADelayPulseCplt), (94 bytes).
    Removing stm32f1xx_hal_tim.o(i.TIM_DMADelayPulseHalfCplt), (56 bytes).
    Removing stm32f1xx_hal_tim.o(i.TIM_DMAError), (84 bytes).
    Removing stm32f1xx_hal_tim.o(i.TIM_DMAPeriodElapsedCplt), (22 bytes).
    Removing stm32f1xx_hal_tim.o(i.TIM_DMAPeriodElapsedHalfCplt), (10 bytes).
    Removing stm32f1xx_hal_tim.o(i.TIM_DMATriggerCplt), (22 bytes).
    Removing stm32f1xx_hal_tim.o(i.TIM_DMATriggerHalfCplt), (10 bytes).
    Removing stm32f1xx_hal_tim.o(i.TIM_ETR_SetConfig), (20 bytes).
    Removing stm32f1xx_hal_tim.o(i.TIM_ITRx_SetConfig), (16 bytes).
    Removing stm32f1xx_hal_tim.o(i.TIM_SlaveTimer_SetConfig), (134 bytes).
    Removing stm32f1xx_hal_tim.o(i.TIM_TI1_ConfigInputStage), (34 bytes).
    Removing stm32f1xx_hal_tim.o(i.TIM_TI1_SetConfig), (88 bytes).
    Removing stm32f1xx_hal_tim.o(i.TIM_TI2_ConfigInputStage), (36 bytes).
    Removing stm32f1xx_hal_tim.o(i.TIM_TI2_SetConfig), (54 bytes).
    Removing stm32f1xx_hal_tim_ex.o(.rev16_text), (4 bytes).
    Removing stm32f1xx_hal_tim_ex.o(.revsh_text), (4 bytes).
    Removing stm32f1xx_hal_tim_ex.o(.rrx_text), (6 bytes).
    Removing stm32f1xx_hal_tim_ex.o(i.HAL_TIMEx_BreakCallback), (2 bytes).
    Removing stm32f1xx_hal_tim_ex.o(i.HAL_TIMEx_CommutCallback), (2 bytes).
    Removing stm32f1xx_hal_tim_ex.o(i.HAL_TIMEx_CommutHalfCpltCallback), (2 bytes).
    Removing stm32f1xx_hal_tim_ex.o(i.HAL_TIMEx_ConfigBreakDeadTime), (84 bytes).
    Removing stm32f1xx_hal_tim_ex.o(i.HAL_TIMEx_ConfigCommutEvent), (112 bytes).
    Removing stm32f1xx_hal_tim_ex.o(i.HAL_TIMEx_ConfigCommutEvent_DMA), (144 bytes).
    Removing stm32f1xx_hal_tim_ex.o(i.HAL_TIMEx_ConfigCommutEvent_IT), (112 bytes).
    Removing stm32f1xx_hal_tim_ex.o(i.HAL_TIMEx_GetChannelNState), (34 bytes).
    Removing stm32f1xx_hal_tim_ex.o(i.HAL_TIMEx_HallSensor_DeInit), (76 bytes).
    Removing stm32f1xx_hal_tim_ex.o(i.HAL_TIMEx_HallSensor_GetState), (6 bytes).
    Removing stm32f1xx_hal_tim_ex.o(i.HAL_TIMEx_HallSensor_Init), (208 bytes).
    Removing stm32f1xx_hal_tim_ex.o(i.HAL_TIMEx_HallSensor_MspDeInit), (2 bytes).
    Removing stm32f1xx_hal_tim_ex.o(i.HAL_TIMEx_HallSensor_MspInit), (2 bytes).
    Removing stm32f1xx_hal_tim_ex.o(i.HAL_TIMEx_HallSensor_Start), (128 bytes).
    Removing stm32f1xx_hal_tim_ex.o(i.HAL_TIMEx_HallSensor_Start_DMA), (184 bytes).
    Removing stm32f1xx_hal_tim_ex.o(i.HAL_TIMEx_HallSensor_Start_IT), (140 bytes).
    Removing stm32f1xx_hal_tim_ex.o(i.HAL_TIMEx_HallSensor_Stop), (58 bytes).
    Removing stm32f1xx_hal_tim_ex.o(i.HAL_TIMEx_HallSensor_Stop_DMA), (70 bytes).
    Removing stm32f1xx_hal_tim_ex.o(i.HAL_TIMEx_HallSensor_Stop_IT), (68 bytes).
    Removing stm32f1xx_hal_tim_ex.o(i.HAL_TIMEx_OCN_Start), (152 bytes).
    Removing stm32f1xx_hal_tim_ex.o(i.HAL_TIMEx_OCN_Start_DMA), (336 bytes).
    Removing stm32f1xx_hal_tim_ex.o(i.HAL_TIMEx_OCN_Start_IT), (188 bytes).
    Removing stm32f1xx_hal_tim_ex.o(i.HAL_TIMEx_OCN_Stop), (104 bytes).
    Removing stm32f1xx_hal_tim_ex.o(i.HAL_TIMEx_OCN_Stop_DMA), (158 bytes).
    Removing stm32f1xx_hal_tim_ex.o(i.HAL_TIMEx_OCN_Stop_IT), (160 bytes).
    Removing stm32f1xx_hal_tim_ex.o(i.HAL_TIMEx_OnePulseN_Start), (170 bytes).
    Removing stm32f1xx_hal_tim_ex.o(i.HAL_TIMEx_OnePulseN_Start_IT), (190 bytes).
    Removing stm32f1xx_hal_tim_ex.o(i.HAL_TIMEx_OnePulseN_Stop), (154 bytes).
    Removing stm32f1xx_hal_tim_ex.o(i.HAL_TIMEx_OnePulseN_Stop_IT), (176 bytes).
    Removing stm32f1xx_hal_tim_ex.o(i.HAL_TIMEx_PWMN_Start), (152 bytes).
    Removing stm32f1xx_hal_tim_ex.o(i.HAL_TIMEx_PWMN_Start_DMA), (336 bytes).
    Removing stm32f1xx_hal_tim_ex.o(i.HAL_TIMEx_PWMN_Start_IT), (188 bytes).
    Removing stm32f1xx_hal_tim_ex.o(i.HAL_TIMEx_PWMN_Stop), (104 bytes).
    Removing stm32f1xx_hal_tim_ex.o(i.HAL_TIMEx_PWMN_Stop_DMA), (158 bytes).
    Removing stm32f1xx_hal_tim_ex.o(i.HAL_TIMEx_PWMN_Stop_IT), (160 bytes).
    Removing stm32f1xx_hal_tim_ex.o(i.HAL_TIMEx_RemapConfig), (4 bytes).
    Removing stm32f1xx_hal_tim_ex.o(i.TIMEx_DMACommutationCplt), (16 bytes).
    Removing stm32f1xx_hal_tim_ex.o(i.TIMEx_DMACommutationHalfCplt), (16 bytes).
    Removing stm32f1xx_hal_tim_ex.o(i.TIM_CCxNChannelCmd), (26 bytes).
    Removing stm32f1xx_hal_tim_ex.o(i.TIM_DMADelayPulseNCplt), (94 bytes).
    Removing stm32f1xx_hal_tim_ex.o(i.TIM_DMAErrorCCxN), (62 bytes).
    Removing system_stm32f1xx.o(.rev16_text), (4 bytes).
    Removing system_stm32f1xx.o(.revsh_text), (4 bytes).
    Removing system_stm32f1xx.o(.rrx_text), (6 bytes).
    Removing system_stm32f1xx.o(i.SystemCoreClockUpdate), (104 bytes).
    Removing fonts.o(.rev16_text), (4 bytes).
    Removing fonts.o(.revsh_text), (4 bytes).
    Removing fonts.o(.rrx_text), (6 bytes).
    Removing fonts.o(.constdata), (4940 bytes).
    Removing fonts.o(.data), (8 bytes).
    Removing ssd1306.o(.rev16_text), (4 bytes).
    Removing ssd1306.o(.revsh_text), (4 bytes).
    Removing ssd1306.o(.rrx_text), (6 bytes).
    Removing keypad.o(.rev16_text), (4 bytes).
    Removing keypad.o(.revsh_text), (4 bytes).
    Removing keypad.o(.rrx_text), (6 bytes).
    Removing gui.o(.rev16_text), (4 bytes).
    Removing gui.o(.revsh_text), (4 bytes).
    Removing gui.o(.rrx_text), (6 bytes).
    Removing gui.o(i.WriteScreen), (148 bytes).
    Removing gui.o(.bss), (96 bytes).
    Removing gui.o(.conststring), (5 bytes).
    Removing gui.o(.data), (4 bytes).
    Removing pid.o(.rev16_text), (4 bytes).
    Removing pid.o(.revsh_text), (4 bytes).
    Removing pid.o(.rrx_text), (6 bytes).
    Removing pid.o(.data), (4 bytes).
    Removing pid.o(.data), (2 bytes).
    Removing stepper.o(.rev16_text), (4 bytes).
    Removing stepper.o(.revsh_text), (4 bytes).
    Removing stepper.o(.rrx_text), (6 bytes).
    Removing ddiv.o(.text), (222 bytes).
    Removing dfixul.o(.text), (48 bytes).
    Removing cdrcmple.o(.text), (48 bytes).

430 unused section(s) (total 40492 bytes) removed from the image.

==============================================================================

Image Symbol Table

    Local Symbols

    Symbol Name                              Value     Ov Type        Size  Object(Section)

    ../Core/Src/main.c                       0x00000000   Number         0  main.o ABSOLUTE
    ../Core/Src/stm32f1xx_hal_msp.c          0x00000000   Number         0  stm32f1xx_hal_msp.o ABSOLUTE
    ../Core/Src/stm32f1xx_it.c               0x00000000   Number         0  stm32f1xx_it.o ABSOLUTE
    ../Core/Src/system_stm32f1xx.c           0x00000000   Number         0  system_stm32f1xx.o ABSOLUTE
    ../Drivers/STM32F1xx_HAL_Driver/Src/stm32f1xx_hal.c 0x00000000   Number         0  stm32f1xx_hal.o ABSOLUTE
    ../Drivers/STM32F1xx_HAL_Driver/Src/stm32f1xx_hal_cortex.c 0x00000000   Number         0  stm32f1xx_hal_cortex.o ABSOLUTE
    ../Drivers/STM32F1xx_HAL_Driver/Src/stm32f1xx_hal_dma.c 0x00000000   Number         0  stm32f1xx_hal_dma.o ABSOLUTE
    ../Drivers/STM32F1xx_HAL_Driver/Src/stm32f1xx_hal_exti.c 0x00000000   Number         0  stm32f1xx_hal_exti.o ABSOLUTE
    ../Drivers/STM32F1xx_HAL_Driver/Src/stm32f1xx_hal_flash.c 0x00000000   Number         0  stm32f1xx_hal_flash.o ABSOLUTE
    ../Drivers/STM32F1xx_HAL_Driver/Src/stm32f1xx_hal_flash_ex.c 0x00000000   Number         0  stm32f1xx_hal_flash_ex.o ABSOLUTE
    ../Drivers/STM32F1xx_HAL_Driver/Src/stm32f1xx_hal_gpio.c 0x00000000   Number         0  stm32f1xx_hal_gpio.o ABSOLUTE
    ../Drivers/STM32F1xx_HAL_Driver/Src/stm32f1xx_hal_gpio_ex.c 0x00000000   Number         0  stm32f1xx_hal_gpio_ex.o ABSOLUTE
    ../Drivers/STM32F1xx_HAL_Driver/Src/stm32f1xx_hal_i2c.c 0x00000000   Number         0  stm32f1xx_hal_i2c.o ABSOLUTE
    ../Drivers/STM32F1xx_HAL_Driver/Src/stm32f1xx_hal_pwr.c 0x00000000   Number         0  stm32f1xx_hal_pwr.o ABSOLUTE
    ../Drivers/STM32F1xx_HAL_Driver/Src/stm32f1xx_hal_rcc.c 0x00000000   Number         0  stm32f1xx_hal_rcc.o ABSOLUTE
    ../Drivers/STM32F1xx_HAL_Driver/Src/stm32f1xx_hal_rcc_ex.c 0x00000000   Number         0  stm32f1xx_hal_rcc_ex.o ABSOLUTE
    ../Drivers/STM32F1xx_HAL_Driver/Src/stm32f1xx_hal_tim.c 0x00000000   Number         0  stm32f1xx_hal_tim.o ABSOLUTE
    ../Drivers/STM32F1xx_HAL_Driver/Src/stm32f1xx_hal_tim_ex.c 0x00000000   Number         0  stm32f1xx_hal_tim_ex.o ABSOLUTE
    ../clib/microlib/ctype/ctype.c           0x00000000   Number         0  isalnum_o.o ABSOLUTE
    ../clib/microlib/ctype/ctype.c           0x00000000   Number         0  ctype_o.o ABSOLUTE
    ../clib/microlib/ctype/ctype.c           0x00000000   Number         0  isxdigit_o.o ABSOLUTE
    ../clib/microlib/ctype/ctype.c           0x00000000   Number         0  isupper_o.o ABSOLUTE
    ../clib/microlib/ctype/ctype.c           0x00000000   Number         0  isspace_o.o ABSOLUTE
    ../clib/microlib/ctype/ctype.c           0x00000000   Number         0  isprint_o.o ABSOLUTE
    ../clib/microlib/ctype/ctype.c           0x00000000   Number         0  islower_o.o ABSOLUTE
    ../clib/microlib/ctype/ctype.c           0x00000000   Number         0  isalpha_o.o ABSOLUTE
    ../clib/microlib/ctype/ctype.c           0x00000000   Number         0  isgraph_o.o ABSOLUTE
    ../clib/microlib/ctype/ctype.c           0x00000000   Number         0  isdigit_o.o ABSOLUTE
    ../clib/microlib/ctype/ctype.c           0x00000000   Number         0  iscntrl_o.o ABSOLUTE
    ../clib/microlib/ctype/ctype.c           0x00000000   Number         0  ispunct_o.o ABSOLUTE
    ../clib/microlib/ctype/ctype.c           0x00000000   Number         0  isblank_o.o ABSOLUTE
    ../clib/microlib/division.c              0x00000000   Number         0  uldiv.o ABSOLUTE
    ../clib/microlib/division.c              0x00000000   Number         0  uidiv.o ABSOLUTE
    ../clib/microlib/errno.c                 0x00000000   Number         0  errno.o ABSOLUTE
    ../clib/microlib/init/entry.s            0x00000000   Number         0  entry.o ABSOLUTE
    ../clib/microlib/init/entry.s            0x00000000   Number         0  entry10a.o ABSOLUTE
    ../clib/microlib/init/entry.s            0x00000000   Number         0  entry9b.o ABSOLUTE
    ../clib/microlib/init/entry.s            0x00000000   Number         0  entry11b.o ABSOLUTE
    ../clib/microlib/init/entry.s            0x00000000   Number         0  entry9a.o ABSOLUTE
    ../clib/microlib/init/entry.s            0x00000000   Number         0  entry7b.o ABSOLUTE
    ../clib/microlib/init/entry.s            0x00000000   Number         0  entry7a.o ABSOLUTE
    ../clib/microlib/init/entry.s            0x00000000   Number         0  entry8b.o ABSOLUTE
    ../clib/microlib/init/entry.s            0x00000000   Number         0  entry11a.o ABSOLUTE
    ../clib/microlib/init/entry.s            0x00000000   Number         0  entry5.o ABSOLUTE
    ../clib/microlib/init/entry.s            0x00000000   Number         0  entry8a.o ABSOLUTE
    ../clib/microlib/init/entry.s            0x00000000   Number         0  entry10b.o ABSOLUTE
    ../clib/microlib/init/entry.s            0x00000000   Number         0  entry2.o ABSOLUTE
    ../clib/microlib/longlong.c              0x00000000   Number         0  llsshr.o ABSOLUTE
    ../clib/microlib/longlong.c              0x00000000   Number         0  llushr.o ABSOLUTE
    ../clib/microlib/longlong.c              0x00000000   Number         0  llshl.o ABSOLUTE
    ../clib/microlib/printf/printf.c         0x00000000   Number         0  printfb.o ABSOLUTE
    ../clib/microlib/printf/printf.c         0x00000000   Number         0  printf7.o ABSOLUTE
    ../clib/microlib/printf/printf.c         0x00000000   Number         0  printf0.o ABSOLUTE
    ../clib/microlib/printf/printf.c         0x00000000   Number         0  printf8.o ABSOLUTE
    ../clib/microlib/printf/printf.c         0x00000000   Number         0  printf1.o ABSOLUTE
    ../clib/microlib/printf/printf.c         0x00000000   Number         0  printf3.o ABSOLUTE
    ../clib/microlib/printf/printf.c         0x00000000   Number         0  printf4.o ABSOLUTE
    ../clib/microlib/printf/printf.c         0x00000000   Number         0  printf5.o ABSOLUTE
    ../clib/microlib/printf/printf.c         0x00000000   Number         0  printf2.o ABSOLUTE
    ../clib/microlib/printf/printf.c         0x00000000   Number         0  printf6.o ABSOLUTE
    ../clib/microlib/printf/printf.c         0x00000000   Number         0  printfa.o ABSOLUTE
    ../clib/microlib/printf/stubs.s          0x00000000   Number         0  stubs.o ABSOLUTE
    ../clib/microlib/stdio/fputc.c           0x00000000   Number         0  fputc.o ABSOLUTE
    ../clib/microlib/stdio/semi.s            0x00000000   Number         0  semi.o ABSOLUTE
    ../clib/microlib/stdio/streams.c         0x00000000   Number         0  stdout.o ABSOLUTE
    ../clib/microlib/string/memcpy.c         0x00000000   Number         0  memcpyb.o ABSOLUTE
    ../clib/microlib/string/memcpy.c         0x00000000   Number         0  memcpya.o ABSOLUTE
    ../clib/microlib/string/memset.c         0x00000000   Number         0  memseta.o ABSOLUTE
    ../clib/microlib/string/strcmp.c         0x00000000   Number         0  strcmp.o ABSOLUTE
    ../clib/microlib/stubs.s                 0x00000000   Number         0  iusesemip.o ABSOLUTE
    ../clib/microlib/stubs.s                 0x00000000   Number         0  iusefp.o ABSOLUTE
    ../clib/scanf.c                          0x00000000   Number         0  _strtoul.o ABSOLUTE
    ../clib/scanf.c                          0x00000000   Number         0  _chval.o ABSOLUTE
    ../clib/scanf.c                          0x00000000   Number         0  atoi.o ABSOLUTE
    ../clib/scanf.c                          0x00000000   Number         0  strtol.o ABSOLUTE
    ../fplib/microlib/d2f.c                  0x00000000   Number         0  d2f.o ABSOLUTE
    ../fplib/microlib/f2d.c                  0x00000000   Number         0  f2d.o ABSOLUTE
    ../fplib/microlib/fpadd.c                0x00000000   Number         0  fadd.o ABSOLUTE
    ../fplib/microlib/fpadd.c                0x00000000   Number         0  dadd.o ABSOLUTE
    ../fplib/microlib/fpdiv.c                0x00000000   Number         0  ddiv.o ABSOLUTE
    ../fplib/microlib/fpepilogue.c           0x00000000   Number         0  depilogue.o ABSOLUTE
    ../fplib/microlib/fpepilogue.c           0x00000000   Number         0  fepilogue.o ABSOLUTE
    ../fplib/microlib/fpfix.c                0x00000000   Number         0  ffixui.o ABSOLUTE
    ../fplib/microlib/fpfix.c                0x00000000   Number         0  dfixul.o ABSOLUTE
    ../fplib/microlib/fpflt.c                0x00000000   Number         0  fflti.o ABSOLUTE
    ../fplib/microlib/fpflt.c                0x00000000   Number         0  dflti.o ABSOLUTE
    ../fplib/microlib/fpflt.c                0x00000000   Number         0  ffltui.o ABSOLUTE
    ../fplib/microlib/fpmul.c                0x00000000   Number         0  fmul.o ABSOLUTE
    ../fplib/microlib/fpmul.c                0x00000000   Number         0  dmul.o ABSOLUTE
    ..\Core\Src\main.c                       0x00000000   Number         0  main.o ABSOLUTE
    ..\Core\Src\stm32f1xx_hal_msp.c          0x00000000   Number         0  stm32f1xx_hal_msp.o ABSOLUTE
    ..\Core\Src\stm32f1xx_it.c               0x00000000   Number         0  stm32f1xx_it.o ABSOLUTE
    ..\Core\Src\system_stm32f1xx.c           0x00000000   Number         0  system_stm32f1xx.o ABSOLUTE
    ..\Drivers\STM32F1xx_HAL_Driver\Src\stm32f1xx_hal.c 0x00000000   Number         0  stm32f1xx_hal.o ABSOLUTE
    ..\Drivers\STM32F1xx_HAL_Driver\Src\stm32f1xx_hal_cortex.c 0x00000000   Number         0  stm32f1xx_hal_cortex.o ABSOLUTE
    ..\Drivers\STM32F1xx_HAL_Driver\Src\stm32f1xx_hal_dma.c 0x00000000   Number         0  stm32f1xx_hal_dma.o ABSOLUTE
    ..\Drivers\STM32F1xx_HAL_Driver\Src\stm32f1xx_hal_exti.c 0x00000000   Number         0  stm32f1xx_hal_exti.o ABSOLUTE
    ..\Drivers\STM32F1xx_HAL_Driver\Src\stm32f1xx_hal_flash.c 0x00000000   Number         0  stm32f1xx_hal_flash.o ABSOLUTE
    ..\Drivers\STM32F1xx_HAL_Driver\Src\stm32f1xx_hal_flash_ex.c 0x00000000   Number         0  stm32f1xx_hal_flash_ex.o ABSOLUTE
    ..\Drivers\STM32F1xx_HAL_Driver\Src\stm32f1xx_hal_gpio.c 0x00000000   Number         0  stm32f1xx_hal_gpio.o ABSOLUTE
    ..\Drivers\STM32F1xx_HAL_Driver\Src\stm32f1xx_hal_gpio_ex.c 0x00000000   Number         0  stm32f1xx_hal_gpio_ex.o ABSOLUTE
    ..\Drivers\STM32F1xx_HAL_Driver\Src\stm32f1xx_hal_i2c.c 0x00000000   Number         0  stm32f1xx_hal_i2c.o ABSOLUTE
    ..\Drivers\STM32F1xx_HAL_Driver\Src\stm32f1xx_hal_pwr.c 0x00000000   Number         0  stm32f1xx_hal_pwr.o ABSOLUTE
    ..\Drivers\STM32F1xx_HAL_Driver\Src\stm32f1xx_hal_rcc.c 0x00000000   Number         0  stm32f1xx_hal_rcc.o ABSOLUTE
    ..\Drivers\STM32F1xx_HAL_Driver\Src\stm32f1xx_hal_rcc_ex.c 0x00000000   Number         0  stm32f1xx_hal_rcc_ex.o ABSOLUTE
    ..\Drivers\STM32F1xx_HAL_Driver\Src\stm32f1xx_hal_tim.c 0x00000000   Number         0  stm32f1xx_hal_tim.o ABSOLUTE
    ..\Drivers\STM32F1xx_HAL_Driver\Src\stm32f1xx_hal_tim_ex.c 0x00000000   Number         0  stm32f1xx_hal_tim_ex.o ABSOLUTE
    ..\GUI\GUI.c                             0x00000000   Number         0  gui.o ABSOLUTE
    ..\PID_controller\PID.c                  0x00000000   Number         0  pid.o ABSOLUTE
    ..\StepperDriver\stepper.c               0x00000000   Number         0  stepper.o ABSOLUTE
    ..\\GUI\\GUI.c                           0x00000000   Number         0  gui.o ABSOLUTE
    ..\\PID_controller\\PID.c                0x00000000   Number         0  pid.o ABSOLUTE
    ..\\StepperDriver\\stepper.c             0x00000000   Number         0  stepper.o ABSOLUTE
    ..\\keypad\\Keypad.c                     0x00000000   Number         0  keypad.o ABSOLUTE
    ..\\ssd1306\\Src\\fonts.c                0x00000000   Number         0  fonts.o ABSOLUTE
    ..\\ssd1306\\Src\\ssd1306.c              0x00000000   Number         0  ssd1306.o ABSOLUTE
    ..\keypad\Keypad.c                       0x00000000   Number         0  keypad.o ABSOLUTE
    ..\ssd1306\Src\fonts.c                   0x00000000   Number         0  fonts.o ABSOLUTE
    ..\ssd1306\Src\ssd1306.c                 0x00000000   Number         0  ssd1306.o ABSOLUTE
    cdrcmple.s                               0x00000000   Number         0  cdrcmple.o ABSOLUTE
    dc.s                                     0x00000000   Number         0  dc.o ABSOLUTE
    handlers.s                               0x00000000   Number         0  handlers.o ABSOLUTE
    init.s                                   0x00000000   Number         0  init.o ABSOLUTE
    startup_stm32f103xb.s                    0x00000000   Number         0  startup_stm32f103xb.o ABSOLUTE
    RESET                                    0x08000000   Section      236  startup_stm32f103xb.o(RESET)
    .ARM.Collect$$$$00000000                 0x080000ec   Section        0  entry.o(.ARM.Collect$$$$00000000)
    .ARM.Collect$$$$00000001                 0x080000ec   Section        4  entry2.o(.ARM.Collect$$$$00000001)
    .ARM.Collect$$$$00000004                 0x080000f0   Section        4  entry5.o(.ARM.Collect$$$$00000004)
    .ARM.Collect$$$$00000008                 0x080000f4   Section        0  entry7b.o(.ARM.Collect$$$$00000008)
    .ARM.Collect$$$$0000000A                 0x080000f4   Section        0  entry8b.o(.ARM.Collect$$$$0000000A)
    .ARM.Collect$$$$0000000B                 0x080000f4   Section        8  entry9a.o(.ARM.Collect$$$$0000000B)
    .ARM.Collect$$$$0000000D                 0x080000fc   Section        0  entry10a.o(.ARM.Collect$$$$0000000D)
    .ARM.Collect$$$$0000000F                 0x080000fc   Section        0  entry11a.o(.ARM.Collect$$$$0000000F)
    .ARM.Collect$$$$00002712                 0x080000fc   Section        4  entry2.o(.ARM.Collect$$$$00002712)
    __lit__00000000                          0x080000fc   Data           4  entry2.o(.ARM.Collect$$$$00002712)
    .text                                    0x08000100   Section       36  startup_stm32f103xb.o(.text)
    .text                                    0x08000124   Section        0  llushr.o(.text)
    .text                                    0x08000144   Section        0  memcpya.o(.text)
    .text                                    0x08000168   Section        0  memseta.o(.text)
    .text                                    0x0800018c   Section        0  strcmp.o(.text)
    .text                                    0x080001a8   Section        0  atoi.o(.text)
    .text                                    0x080001c2   Section        0  fadd.o(.text)
    .text                                    0x08000272   Section        0  fmul.o(.text)
    .text                                    0x080002d6   Section        0  dadd.o(.text)
    .text                                    0x08000424   Section        0  dmul.o(.text)
    .text                                    0x08000508   Section        0  fflti.o(.text)
    .text                                    0x0800051a   Section        0  ffltui.o(.text)
    .text                                    0x08000524   Section        0  dflti.o(.text)
    .text                                    0x08000546   Section        0  ffixui.o(.text)
    .text                                    0x0800056e   Section        0  f2d.o(.text)
    .text                                    0x08000594   Section        0  d2f.o(.text)
    .text                                    0x080005cc   Section        0  uidiv.o(.text)
    .text                                    0x080005f8   Section        0  llshl.o(.text)
    .text                                    0x08000616   Section        0  llsshr.o(.text)
    .text                                    0x0800063a   Section        0  strtol.o(.text)
    .text                                    0x080006aa   Section        0  iusefp.o(.text)
    .text                                    0x080006aa   Section        0  fepilogue.o(.text)
    .text                                    0x08000718   Section        0  depilogue.o(.text)
    .text                                    0x080007d4   Section       36  init.o(.text)
    .text                                    0x080007f8   Section        0  ctype_o.o(.text)
    .text                                    0x08000800   Section        0  _strtoul.o(.text)
    .text                                    0x0800089e   Section        0  _chval.o(.text)
    i.BusFault_Handler                       0x080008ba   Section        0  stm32f1xx_it.o(i.BusFault_Handler)
    i.DebugMon_Handler                       0x080008bc   Section        0  stm32f1xx_it.o(i.DebugMon_Handler)
    i.GUI_DotheAction                        0x080008c0   Section        0  gui.o(i.GUI_DotheAction)
    i.GUI_GoTo                               0x08000974   Section        0  gui.o(i.GUI_GoTo)
    i.GUI_ShowWin                            0x08000982   Section        0  gui.o(i.GUI_ShowWin)
    i.GUI_about__init__                      0x080009b8   Section        0  gui.o(i.GUI_about__init__)
    i.GUI_about_action                       0x080009d0   Section        0  gui.o(i.GUI_about_action)
    i.GUI_about_show                         0x080009f0   Section        0  gui.o(i.GUI_about_show)
    i.GUI_blink                              0x08000b28   Section        0  gui.o(i.GUI_blink)
    i.GUI_invalid__init__                    0x08000b78   Section        0  gui.o(i.GUI_invalid__init__)
    i.GUI_invalid_action                     0x08000b90   Section        0  gui.o(i.GUI_invalid_action)
    i.GUI_invalid_show                       0x08000bb0   Section        0  gui.o(i.GUI_invalid_show)
    i.GUI_mainwindow__init__                 0x08000c44   Section        0  gui.o(i.GUI_mainwindow__init__)
    i.GUI_mainwindow_action                  0x08000c5c   Section        0  gui.o(i.GUI_mainwindow_action)
    i.GUI_mainwindow_show                    0x08000ca0   Section        0  gui.o(i.GUI_mainwindow_show)
    i.GUI_menu__init__                       0x08000de4   Section        0  gui.o(i.GUI_menu__init__)
    i.GUI_menu_action                        0x08000dfc   Section        0  gui.o(i.GUI_menu_action)
    i.GUI_menu_show                          0x08000e8c   Section        0  gui.o(i.GUI_menu_show)
    i.GUI_newScreen                          0x08000fb8   Section        0  gui.o(i.GUI_newScreen)
    i.GUI_newline                            0x08000fd0   Section        0  gui.o(i.GUI_newline)
    i.GUI_router                             0x08001004   Section        0  gui.o(i.GUI_router)
    i.GUI_set_speed__init__                  0x080010b4   Section        0  gui.o(i.GUI_set_speed__init__)
    i.GUI_set_speed_action                   0x080010cc   Section        0  gui.o(i.GUI_set_speed_action)
    i.GUI_set_speed_blinking_show            0x080011c4   Section        0  gui.o(i.GUI_set_speed_blinking_show)
    i.GUI_set_speed_show                     0x080011f0   Section        0  gui.o(i.GUI_set_speed_show)
    i.GUI_settingSpeed__init__               0x08001308   Section        0  gui.o(i.GUI_settingSpeed__init__)
    i.GUI_settingSpeed_action                0x08001320   Section        0  gui.o(i.GUI_settingSpeed_action)
    i.GUI_settingSpeed_show                  0x08001364   Section        0  gui.o(i.GUI_settingSpeed_show)
    i.GUI_show_speed__init__                 0x080014b0   Section        0  gui.o(i.GUI_show_speed__init__)
    i.GUI_show_speed_action                  0x080014c8   Section        0  gui.o(i.GUI_show_speed_action)
    i.GUI_show_speed_show                    0x0800150c   Section        0  gui.o(i.GUI_show_speed_show)
    i.GUI_writeHere                          0x08001618   Section        0  gui.o(i.GUI_writeHere)
    i.HAL_Delay                              0x08001644   Section        0  stm32f1xx_hal.o(i.HAL_Delay)
    i.HAL_GPIO_Init                          0x08001668   Section        0  stm32f1xx_hal_gpio.o(i.HAL_GPIO_Init)
    i.HAL_GPIO_ReadPin                       0x08001848   Section        0  stm32f1xx_hal_gpio.o(i.HAL_GPIO_ReadPin)
    i.HAL_GPIO_TogglePin                     0x08001852   Section        0  stm32f1xx_hal_gpio.o(i.HAL_GPIO_TogglePin)
    i.HAL_GPIO_WritePin                      0x08001862   Section        0  stm32f1xx_hal_gpio.o(i.HAL_GPIO_WritePin)
    i.HAL_GetTick                            0x0800186c   Section        0  stm32f1xx_hal.o(i.HAL_GetTick)
    i.HAL_I2C_Init                           0x08001878   Section        0  stm32f1xx_hal_i2c.o(i.HAL_I2C_Init)
    i.HAL_I2C_Mem_Write                      0x08001a00   Section        0  stm32f1xx_hal_i2c.o(i.HAL_I2C_Mem_Write)
    i.HAL_I2C_MspInit                        0x08001b30   Section        0  stm32f1xx_hal_msp.o(i.HAL_I2C_MspInit)
    i.HAL_IncTick                            0x08001b8c   Section        0  stm32f1xx_hal.o(i.HAL_IncTick)
    i.HAL_Init                               0x08001b9c   Section        0  stm32f1xx_hal.o(i.HAL_Init)
    i.HAL_InitTick                           0x08001bc0   Section        0  stm32f1xx_hal.o(i.HAL_InitTick)
    i.HAL_MspInit                            0x08001c00   Section        0  stm32f1xx_hal_msp.o(i.HAL_MspInit)
    i.HAL_NVIC_SetPriority                   0x08001c38   Section        0  stm32f1xx_hal_cortex.o(i.HAL_NVIC_SetPriority)
    i.HAL_NVIC_SetPriorityGrouping           0x08001c78   Section        0  stm32f1xx_hal_cortex.o(i.HAL_NVIC_SetPriorityGrouping)
    i.HAL_RCC_ClockConfig                    0x08001c9c   Section        0  stm32f1xx_hal_rcc.o(i.HAL_RCC_ClockConfig)
    i.HAL_RCC_GetPCLK1Freq                   0x08001dc8   Section        0  stm32f1xx_hal_rcc.o(i.HAL_RCC_GetPCLK1Freq)
    i.HAL_RCC_GetSysClockFreq                0x08001de8   Section        0  stm32f1xx_hal_rcc.o(i.HAL_RCC_GetSysClockFreq)
    i.HAL_RCC_OscConfig                      0x08001e54   Section        0  stm32f1xx_hal_rcc.o(i.HAL_RCC_OscConfig)
    i.HAL_SYSTICK_Config                     0x08002174   Section        0  stm32f1xx_hal_cortex.o(i.HAL_SYSTICK_Config)
    i.HAL_TIMEx_MasterConfigSynchronization  0x0800219c   Section        0  stm32f1xx_hal_tim_ex.o(i.HAL_TIMEx_MasterConfigSynchronization)
    i.HAL_TIM_MspPostInit                    0x08002204   Section        0  stm32f1xx_hal_msp.o(i.HAL_TIM_MspPostInit)
    i.HAL_TIM_OC_ConfigChannel               0x08002264   Section        0  stm32f1xx_hal_tim.o(i.HAL_TIM_OC_ConfigChannel)
    i.HAL_TIM_OC_Init                        0x080022b0   Section        0  stm32f1xx_hal_tim.o(i.HAL_TIM_OC_Init)
    i.HAL_TIM_OC_MspInit                     0x0800230c   Section        0  stm32f1xx_hal_msp.o(i.HAL_TIM_OC_MspInit)
    i.HAL_TIM_OC_Start                       0x08002330   Section        0  stm32f1xx_hal_tim.o(i.HAL_TIM_OC_Start)
    i.HardFault_Handler                      0x080023cc   Section        0  stm32f1xx_it.o(i.HardFault_Handler)
    i.I2C_IsAcknowledgeFailed                0x080023ce   Section        0  stm32f1xx_hal_i2c.o(i.I2C_IsAcknowledgeFailed)
    I2C_IsAcknowledgeFailed                  0x080023cf   Thumb Code    46  stm32f1xx_hal_i2c.o(i.I2C_IsAcknowledgeFailed)
    i.I2C_RequestMemoryWrite                 0x080023fc   Section        0  stm32f1xx_hal_i2c.o(i.I2C_RequestMemoryWrite)
    I2C_RequestMemoryWrite                   0x080023fd   Thumb Code   162  stm32f1xx_hal_i2c.o(i.I2C_RequestMemoryWrite)
    i.I2C_WaitOnBTFFlagUntilTimeout          0x080024a4   Section        0  stm32f1xx_hal_i2c.o(i.I2C_WaitOnBTFFlagUntilTimeout)
    I2C_WaitOnBTFFlagUntilTimeout            0x080024a5   Thumb Code    76  stm32f1xx_hal_i2c.o(i.I2C_WaitOnBTFFlagUntilTimeout)
    i.I2C_WaitOnFlagUntilTimeout             0x080024f0   Section        0  stm32f1xx_hal_i2c.o(i.I2C_WaitOnFlagUntilTimeout)
    I2C_WaitOnFlagUntilTimeout               0x080024f1   Thumb Code   104  stm32f1xx_hal_i2c.o(i.I2C_WaitOnFlagUntilTimeout)
    i.I2C_WaitOnMasterAddressFlagUntilTimeout 0x08002558   Section        0  stm32f1xx_hal_i2c.o(i.I2C_WaitOnMasterAddressFlagUntilTimeout)
    I2C_WaitOnMasterAddressFlagUntilTimeout  0x08002559   Thumb Code   150  stm32f1xx_hal_i2c.o(i.I2C_WaitOnMasterAddressFlagUntilTimeout)
    i.I2C_WaitOnTXEFlagUntilTimeout          0x080025ee   Section        0  stm32f1xx_hal_i2c.o(i.I2C_WaitOnTXEFlagUntilTimeout)
    I2C_WaitOnTXEFlagUntilTimeout            0x080025ef   Thumb Code    76  stm32f1xx_hal_i2c.o(i.I2C_WaitOnTXEFlagUntilTimeout)
    i.MX_GPIO_Init                           0x0800263c   Section        0  main.o(i.MX_GPIO_Init)
    MX_GPIO_Init                             0x0800263d   Thumb Code   198  main.o(i.MX_GPIO_Init)
    i.MX_TIM2_Init                           0x08002714   Section        0  main.o(i.MX_TIM2_Init)
    MX_TIM2_Init                             0x08002715   Thumb Code    90  main.o(i.MX_TIM2_Init)
    i.MemManage_Handler                      0x08002774   Section        0  stm32f1xx_it.o(i.MemManage_Handler)
    i.NMI_Handler                            0x08002776   Section        0  stm32f1xx_it.o(i.NMI_Handler)
    i.PID_calc_dutycycle                     0x08002778   Section        0  pid.o(i.PID_calc_dutycycle)
    i.PID_get_nextdutycycle                  0x0800280c   Section        0  pid.o(i.PID_get_nextdutycycle)
    i.PendSV_Handler                         0x08002828   Section        0  stm32f1xx_it.o(i.PendSV_Handler)
    i.SVC_Handler                            0x0800282a   Section        0  stm32f1xx_it.o(i.SVC_Handler)
    i.SysTick_Handler                        0x0800282c   Section        0  stm32f1xx_it.o(i.SysTick_Handler)
    i.SystemClock_Config                     0x08002830   Section        0  main.o(i.SystemClock_Config)
    i.SystemInit                             0x08002872   Section        0  system_stm32f1xx.o(i.SystemInit)
    i.TIM_Base_SetConfig                     0x08002874   Section        0  stm32f1xx_hal_tim.o(i.TIM_Base_SetConfig)
    i.TIM_CCxChannelCmd                      0x080028e0   Section        0  stm32f1xx_hal_tim.o(i.TIM_CCxChannelCmd)
    i.TIM_OC1_SetConfig                      0x080028fc   Section        0  stm32f1xx_hal_tim.o(i.TIM_OC1_SetConfig)
    TIM_OC1_SetConfig                        0x080028fd   Thumb Code    74  stm32f1xx_hal_tim.o(i.TIM_OC1_SetConfig)
    i.TIM_OC2_SetConfig                      0x0800294c   Section        0  stm32f1xx_hal_tim.o(i.TIM_OC2_SetConfig)
    i.TIM_OC3_SetConfig                      0x080029a4   Section        0  stm32f1xx_hal_tim.o(i.TIM_OC3_SetConfig)
    TIM_OC3_SetConfig                        0x080029a5   Thumb Code    82  stm32f1xx_hal_tim.o(i.TIM_OC3_SetConfig)
    i.TIM_OC4_SetConfig                      0x080029fc   Section        0  stm32f1xx_hal_tim.o(i.TIM_OC4_SetConfig)
    TIM_OC4_SetConfig                        0x080029fd   Thumb Code    64  stm32f1xx_hal_tim.o(i.TIM_OC4_SetConfig)
    i.UsageFault_Handler                     0x08002a40   Section        0  stm32f1xx_it.o(i.UsageFault_Handler)
    i.__0sprintf$1                           0x08002a44   Section        0  printf1.o(i.__0sprintf$1)
    i.__NVIC_SetPriority                     0x08002a6c   Section        0  stm32f1xx_hal_cortex.o(i.__NVIC_SetPriority)
    __NVIC_SetPriority                       0x08002a6d   Thumb Code    32  stm32f1xx_hal_cortex.o(i.__NVIC_SetPriority)
    i.__aeabi_errno_addr                     0x08002a8c   Section        0  errno.o(i.__aeabi_errno_addr)
    i.__scatterload_copy                     0x08002a94   Section       14  handlers.o(i.__scatterload_copy)
    i.__scatterload_null                     0x08002aa2   Section        2  handlers.o(i.__scatterload_null)
    i.__scatterload_zeroinit                 0x08002aa4   Section       14  handlers.o(i.__scatterload_zeroinit)
    i._printf_core                           0x08002ab4   Section        0  printf1.o(i._printf_core)
    _printf_core                             0x08002ab5   Thumb Code   336  printf1.o(i._printf_core)
    i._sputc                                 0x08002c08   Section        0  printf1.o(i._sputc)
    _sputc                                   0x08002c09   Thumb Code    10  printf1.o(i._sputc)
    i.conver2int                             0x08002c12   Section        0  gui.o(i.conver2int)
    i.keypad_getchar                         0x08002c1c   Section        0  keypad.o(i.keypad_getchar)
    i.keypad_init                            0x08002c40   Section        0  keypad.o(i.keypad_init)
    i.keypad_read                            0x08002c88   Section        0  keypad.o(i.keypad_read)
    i.keypad_setROW                          0x08002dcc   Section        0  keypad.o(i.keypad_setROW)
    i.main                                   0x08002e98   Section        0  main.o(i.main)
    i.ssd1306_DrawPixel                      0x08002fe4   Section        0  ssd1306.o(i.ssd1306_DrawPixel)
    i.ssd1306_Fill                           0x08003024   Section        0  ssd1306.o(i.ssd1306_Fill)
    i.ssd1306_GetCurser                      0x08003044   Section        0  ssd1306.o(i.ssd1306_GetCurser)
    i.ssd1306_Init                           0x08003054   Section        0  ssd1306.o(i.ssd1306_Init)
    i.ssd1306_SetCursor                      0x08003124   Section        0  ssd1306.o(i.ssd1306_SetCursor)
    i.ssd1306_UpdateScreen                   0x08003130   Section        0  ssd1306.o(i.ssd1306_UpdateScreen)
    i.ssd1306_WriteChar                      0x0800317c   Section        0  ssd1306.o(i.ssd1306_WriteChar)
    i.ssd1306_WriteCommand                   0x08003218   Section        0  ssd1306.o(i.ssd1306_WriteCommand)
    ssd1306_WriteCommand                     0x08003219   Thumb Code    30  ssd1306.o(i.ssd1306_WriteCommand)
    i.ssd1306_WriteString                    0x0800323c   Section        0  ssd1306.o(i.ssd1306_WriteString)
    i.stepper_Init                           0x08003268   Section        0  main.o(i.stepper_Init)
    i.stepper_init                           0x080032bc   Section        0  stepper.o(i.stepper_init)
    .constdata                               0x0800330a   Section       16  system_stm32f1xx.o(.constdata)
    .constdata                               0x0800331a   Section        8  system_stm32f1xx.o(.constdata)
    .constdata                               0x08003322   Section     1900  fonts.o(.constdata)
    Font7x10                                 0x08003322   Data        1900  fonts.o(.constdata)
    .constdata                               0x08003a8e   Section     3420  fonts.o(.constdata)
    Font11x18                                0x08003a8e   Data        3420  fonts.o(.constdata)
    .constdata                               0x080047ea   Section      129  ctype_o.o(.constdata)
    .constdata                               0x0800486c   Section        4  ctype_o.o(.constdata)
    table                                    0x0800486c   Data           4  ctype_o.o(.constdata)
    .conststring                             0x08004870   Section       78  keypad.o(.conststring)
    .data                                    0x20000000   Section        4  main.o(.data)
    .data                                    0x20000004   Section       12  stm32f1xx_hal.o(.data)
    .data                                    0x20000010   Section        4  system_stm32f1xx.o(.data)
    .data                                    0x20000014   Section        8  fonts.o(.data)
    .data                                    0x2000001c   Section        8  fonts.o(.data)
    .data                                    0x20000024   Section        6  ssd1306.o(.data)
    SSD1306                                  0x20000024   Data           6  ssd1306.o(.data)
    .data                                    0x2000002c   Section       80  keypad.o(.data)
    keypad_keys                              0x2000002c   Data          80  keypad.o(.data)
    .data                                    0x2000007c   Section       19  gui.o(.data)
    .data                                    0x20000090   Section       28  pid.o(.data)
    .data                                    0x200000ac   Section        4  errno.o(.data)
    _errno                                   0x200000ac   Data           4  errno.o(.data)
    .bss                                     0x200000b0   Section      252  main.o(.bss)
    .bss                                     0x200001ac   Section     1024  ssd1306.o(.bss)
    SSD1306_Buffer                           0x200001ac   Data        1024  ssd1306.o(.bss)
    .bss                                     0x200005ac   Section       56  keypad.o(.bss)
    mykeypad_struct                          0x200005ac   Data          56  keypad.o(.bss)
    STACK                                    0x200005e8   Section     1024  startup_stm32f103xb.o(STACK)

    Global Symbols

    Symbol Name                              Value     Ov Type        Size  Object(Section)

    BuildAttributes$$THM_ISAv4$P$D$K$B$S$PE$A:L22UL41UL21$X:L11$S22US41US21$IEEE1$IW$USESV6$~STKCKD$USESV7$~SHL$OTIME$ROPI$EBA8$MICROLIB$REQ8$PRES8$EABIv2 0x00000000   Number         0  anon$$obj.o ABSOLUTE
    __ARM_use_no_argv                        0x00000000   Number         0  main.o ABSOLUTE
    _printf_a                                0x00000000   Number         0  stubs.o ABSOLUTE
    _printf_c                                0x00000000   Number         0  stubs.o ABSOLUTE
    _printf_charcount                        0x00000000   Number         0  stubs.o ABSOLUTE
    _printf_d                                0x00000000   Number         0  stubs.o ABSOLUTE
    _printf_e                                0x00000000   Number         0  stubs.o ABSOLUTE
    _printf_f                                0x00000000   Number         0  stubs.o ABSOLUTE
    _printf_flags                            0x00000000   Number         0  stubs.o ABSOLUTE
    _printf_fp_dec                           0x00000000   Number         0  stubs.o ABSOLUTE
    _printf_fp_hex                           0x00000000   Number         0  stubs.o ABSOLUTE
    _printf_g                                0x00000000   Number         0  stubs.o ABSOLUTE
    _printf_i                                0x00000000   Number         0  stubs.o ABSOLUTE
    _printf_int_dec                          0x00000000   Number         0  stubs.o ABSOLUTE
    _printf_l                                0x00000000   Number         0  stubs.o ABSOLUTE
    _printf_lc                               0x00000000   Number         0  stubs.o ABSOLUTE
    _printf_ll                               0x00000000   Number         0  stubs.o ABSOLUTE
    _printf_lld                              0x00000000   Number         0  stubs.o ABSOLUTE
    _printf_lli                              0x00000000   Number         0  stubs.o ABSOLUTE
    _printf_llo                              0x00000000   Number         0  stubs.o ABSOLUTE
    _printf_llu                              0x00000000   Number         0  stubs.o ABSOLUTE
    _printf_llx                              0x00000000   Number         0  stubs.o ABSOLUTE
    _printf_longlong_dec                     0x00000000   Number         0  stubs.o ABSOLUTE
    _printf_longlong_hex                     0x00000000   Number         0  stubs.o ABSOLUTE
    _printf_longlong_oct                     0x00000000   Number         0  stubs.o ABSOLUTE
    _printf_ls                               0x00000000   Number         0  stubs.o ABSOLUTE
    _printf_mbtowc                           0x00000000   Number         0  stubs.o ABSOLUTE
    _printf_n                                0x00000000   Number         0  stubs.o ABSOLUTE
    _printf_o                                0x00000000   Number         0  stubs.o ABSOLUTE
    _printf_p                                0x00000000   Number         0  stubs.o ABSOLUTE
    _printf_percent                          0x00000000   Number         0  stubs.o ABSOLUTE
    _printf_pre_padding                      0x00000000   Number         0  stubs.o ABSOLUTE
    _printf_return_value                     0x00000000   Number         0  stubs.o ABSOLUTE
    _printf_s                                0x00000000   Number         0  stubs.o ABSOLUTE
    _printf_sizespec                         0x00000000   Number         0  stubs.o ABSOLUTE
    _printf_str                              0x00000000   Number         0  stubs.o ABSOLUTE
    _printf_truncate_signed                  0x00000000   Number         0  stubs.o ABSOLUTE
    _printf_truncate_unsigned                0x00000000   Number         0  stubs.o ABSOLUTE
    _printf_u                                0x00000000   Number         0  stubs.o ABSOLUTE
    _printf_wc                               0x00000000   Number         0  stubs.o ABSOLUTE
    _printf_wctomb                           0x00000000   Number         0  stubs.o ABSOLUTE
    _printf_widthprec                        0x00000000   Number         0  stubs.o ABSOLUTE
    _printf_x                                0x00000000   Number         0  stubs.o ABSOLUTE
    __cpp_initialize__aeabi_                  - Undefined Weak Reference
    __cxa_finalize                            - Undefined Weak Reference
    __decompress                              - Undefined Weak Reference
    _clock_init                               - Undefined Weak Reference
    _microlib_exit                            - Undefined Weak Reference
    __Vectors_Size                           0x000000ec   Number         0  startup_stm32f103xb.o ABSOLUTE
    __Vectors                                0x08000000   Data           4  startup_stm32f103xb.o(RESET)
    __Vectors_End                            0x080000ec   Data           0  startup_stm32f103xb.o(RESET)
    __main                                   0x080000ed   Thumb Code     0  entry.o(.ARM.Collect$$$$00000000)
    _main_stk                                0x080000ed   Thumb Code     0  entry2.o(.ARM.Collect$$$$00000001)
    _main_scatterload                        0x080000f1   Thumb Code     0  entry5.o(.ARM.Collect$$$$00000004)
    __main_after_scatterload                 0x080000f5   Thumb Code     0  entry5.o(.ARM.Collect$$$$00000004)
    _main_clock                              0x080000f5   Thumb Code     0  entry7b.o(.ARM.Collect$$$$00000008)
    _main_cpp_init                           0x080000f5   Thumb Code     0  entry8b.o(.ARM.Collect$$$$0000000A)
    _main_init                               0x080000f5   Thumb Code     0  entry9a.o(.ARM.Collect$$$$0000000B)
    __rt_final_cpp                           0x080000fd   Thumb Code     0  entry10a.o(.ARM.Collect$$$$0000000D)
    __rt_final_exit                          0x080000fd   Thumb Code     0  entry11a.o(.ARM.Collect$$$$0000000F)
    Reset_Handler                            0x08000101   Thumb Code     8  startup_stm32f103xb.o(.text)
    ADC1_2_IRQHandler                        0x0800011b   Thumb Code     0  startup_stm32f103xb.o(.text)
    CAN1_RX1_IRQHandler                      0x0800011b   Thumb Code     0  startup_stm32f103xb.o(.text)
    CAN1_SCE_IRQHandler                      0x0800011b   Thumb Code     0  startup_stm32f103xb.o(.text)
    DMA1_Channel1_IRQHandler                 0x0800011b   Thumb Code     0  startup_stm32f103xb.o(.text)
    DMA1_Channel2_IRQHandler                 0x0800011b   Thumb Code     0  startup_stm32f103xb.o(.text)
    DMA1_Channel3_IRQHandler                 0x0800011b   Thumb Code     0  startup_stm32f103xb.o(.text)
    DMA1_Channel4_IRQHandler                 0x0800011b   Thumb Code     0  startup_stm32f103xb.o(.text)
    DMA1_Channel5_IRQHandler                 0x0800011b   Thumb Code     0  startup_stm32f103xb.o(.text)
    DMA1_Channel6_IRQHandler                 0x0800011b   Thumb Code     0  startup_stm32f103xb.o(.text)
    DMA1_Channel7_IRQHandler                 0x0800011b   Thumb Code     0  startup_stm32f103xb.o(.text)
    EXTI0_IRQHandler                         0x0800011b   Thumb Code     0  startup_stm32f103xb.o(.text)
    EXTI15_10_IRQHandler                     0x0800011b   Thumb Code     0  startup_stm32f103xb.o(.text)
    EXTI1_IRQHandler                         0x0800011b   Thumb Code     0  startup_stm32f103xb.o(.text)
    EXTI2_IRQHandler                         0x0800011b   Thumb Code     0  startup_stm32f103xb.o(.text)
    EXTI3_IRQHandler                         0x0800011b   Thumb Code     0  startup_stm32f103xb.o(.text)
    EXTI4_IRQHandler                         0x0800011b   Thumb Code     0  startup_stm32f103xb.o(.text)
    EXTI9_5_IRQHandler                       0x0800011b   Thumb Code     0  startup_stm32f103xb.o(.text)
    FLASH_IRQHandler                         0x0800011b   Thumb Code     0  startup_stm32f103xb.o(.text)
    I2C1_ER_IRQHandler                       0x0800011b   Thumb Code     0  startup_stm32f103xb.o(.text)
    I2C1_EV_IRQHandler                       0x0800011b   Thumb Code     0  startup_stm32f103xb.o(.text)
    I2C2_ER_IRQHandler                       0x0800011b   Thumb Code     0  startup_stm32f103xb.o(.text)
    I2C2_EV_IRQHandler                       0x0800011b   Thumb Code     0  startup_stm32f103xb.o(.text)
    PVD_IRQHandler                           0x0800011b   Thumb Code     0  startup_stm32f103xb.o(.text)
    RCC_IRQHandler                           0x0800011b   Thumb Code     0  startup_stm32f103xb.o(.text)
    RTC_Alarm_IRQHandler                     0x0800011b   Thumb Code     0  startup_stm32f103xb.o(.text)
    RTC_IRQHandler                           0x0800011b   Thumb Code     0  startup_stm32f103xb.o(.text)
    SPI1_IRQHandler                          0x0800011b   Thumb Code     0  startup_stm32f103xb.o(.text)
    SPI2_IRQHandler                          0x0800011b   Thumb Code     0  startup_stm32f103xb.o(.text)
    TAMPER_IRQHandler                        0x0800011b   Thumb Code     0  startup_stm32f103xb.o(.text)
    TIM1_BRK_IRQHandler                      0x0800011b   Thumb Code     0  startup_stm32f103xb.o(.text)
    TIM1_CC_IRQHandler                       0x0800011b   Thumb Code     0  startup_stm32f103xb.o(.text)
    TIM1_TRG_COM_IRQHandler                  0x0800011b   Thumb Code     0  startup_stm32f103xb.o(.text)
    TIM1_UP_IRQHandler                       0x0800011b   Thumb Code     0  startup_stm32f103xb.o(.text)
    TIM2_IRQHandler                          0x0800011b   Thumb Code     0  startup_stm32f103xb.o(.text)
    TIM3_IRQHandler                          0x0800011b   Thumb Code     0  startup_stm32f103xb.o(.text)
    TIM4_IRQHandler                          0x0800011b   Thumb Code     0  startup_stm32f103xb.o(.text)
    USART1_IRQHandler                        0x0800011b   Thumb Code     0  startup_stm32f103xb.o(.text)
    USART2_IRQHandler                        0x0800011b   Thumb Code     0  startup_stm32f103xb.o(.text)
    USART3_IRQHandler                        0x0800011b   Thumb Code     0  startup_stm32f103xb.o(.text)
    USBWakeUp_IRQHandler                     0x0800011b   Thumb Code     0  startup_stm32f103xb.o(.text)
    USB_HP_CAN1_TX_IRQHandler                0x0800011b   Thumb Code     0  startup_stm32f103xb.o(.text)
    USB_LP_CAN1_RX0_IRQHandler               0x0800011b   Thumb Code     0  startup_stm32f103xb.o(.text)
    WWDG_IRQHandler                          0x0800011b   Thumb Code     0  startup_stm32f103xb.o(.text)
    __aeabi_llsr                             0x08000125   Thumb Code    32  llushr.o(.text)
    _ll_ushift_r                             0x08000125   Thumb Code     0  llushr.o(.text)
    __aeabi_memcpy                           0x08000145   Thumb Code    36  memcpya.o(.text)
    __aeabi_memcpy4                          0x08000145   Thumb Code     0  memcpya.o(.text)
    __aeabi_memcpy8                          0x08000145   Thumb Code     0  memcpya.o(.text)
    __aeabi_memset                           0x08000169   Thumb Code    14  memseta.o(.text)
    __aeabi_memset4                          0x08000169   Thumb Code     0  memseta.o(.text)
    __aeabi_memset8                          0x08000169   Thumb Code     0  memseta.o(.text)
    __aeabi_memclr                           0x08000177   Thumb Code     4  memseta.o(.text)
    __aeabi_memclr4                          0x08000177   Thumb Code     0  memseta.o(.text)
    __aeabi_memclr8                          0x08000177   Thumb Code     0  memseta.o(.text)
    _memset$wrapper                          0x0800017b   Thumb Code    18  memseta.o(.text)
    strcmp                                   0x0800018d   Thumb Code    28  strcmp.o(.text)
    atoi                                     0x080001a9   Thumb Code    26  atoi.o(.text)
    __aeabi_fadd                             0x080001c3   Thumb Code   164  fadd.o(.text)
    __aeabi_fsub                             0x08000267   Thumb Code     6  fadd.o(.text)
    __aeabi_frsub                            0x0800026d   Thumb Code     6  fadd.o(.text)
    __aeabi_fmul                             0x08000273   Thumb Code   100  fmul.o(.text)
    __aeabi_dadd                             0x080002d7   Thumb Code   322  dadd.o(.text)
    __aeabi_dsub                             0x08000419   Thumb Code     6  dadd.o(.text)
    __aeabi_drsub                            0x0800041f   Thumb Code     6  dadd.o(.text)
    __aeabi_dmul                             0x08000425   Thumb Code   228  dmul.o(.text)
    __aeabi_i2f                              0x08000509   Thumb Code    18  fflti.o(.text)
    __aeabi_ui2f                             0x0800051b   Thumb Code    10  ffltui.o(.text)
    __aeabi_i2d                              0x08000525   Thumb Code    34  dflti.o(.text)
    __aeabi_f2uiz                            0x08000547   Thumb Code    40  ffixui.o(.text)
    __aeabi_f2d                              0x0800056f   Thumb Code    38  f2d.o(.text)
    __aeabi_d2f                              0x08000595   Thumb Code    56  d2f.o(.text)
    __aeabi_uidiv                            0x080005cd   Thumb Code     0  uidiv.o(.text)
    __aeabi_uidivmod                         0x080005cd   Thumb Code    44  uidiv.o(.text)
    __aeabi_llsl                             0x080005f9   Thumb Code    30  llshl.o(.text)
    _ll_shift_l                              0x080005f9   Thumb Code     0  llshl.o(.text)
    __aeabi_lasr                             0x08000617   Thumb Code    36  llsshr.o(.text)
    _ll_sshift_r                             0x08000617   Thumb Code     0  llsshr.o(.text)
    strtol                                   0x0800063b   Thumb Code   112  strtol.o(.text)
    __I$use$fp                               0x080006ab   Thumb Code     0  iusefp.o(.text)
    _float_round                             0x080006ab   Thumb Code    18  fepilogue.o(.text)
    _float_epilogue                          0x080006bd   Thumb Code    92  fepilogue.o(.text)
    _double_round                            0x08000719   Thumb Code    30  depilogue.o(.text)
    _double_epilogue                         0x08000737   Thumb Code   156  depilogue.o(.text)
    __scatterload                            0x080007d5   Thumb Code    28  init.o(.text)
    __scatterload_rt2                        0x080007d5   Thumb Code     0  init.o(.text)
    __rt_ctype_table                         0x080007f9   Thumb Code     4  ctype_o.o(.text)
    _strtoul                                 0x08000801   Thumb Code   158  _strtoul.o(.text)
    _chval                                   0x0800089f   Thumb Code    28  _chval.o(.text)
    BusFault_Handler                         0x080008bb   Thumb Code     2  stm32f1xx_it.o(i.BusFault_Handler)
    DebugMon_Handler                         0x080008bd   Thumb Code     2  stm32f1xx_it.o(i.DebugMon_Handler)
    GUI_DotheAction                          0x080008c1   Thumb Code   174  gui.o(i.GUI_DotheAction)
    GUI_GoTo                                 0x08000975   Thumb Code    14  gui.o(i.GUI_GoTo)
    GUI_ShowWin                              0x08000983   Thumb Code    52  gui.o(i.GUI_ShowWin)
    GUI_about__init__                        0x080009b9   Thumb Code    20  gui.o(i.GUI_about__init__)
    GUI_about_action                         0x080009d1   Thumb Code    26  gui.o(i.GUI_about_action)
    GUI_about_show                           0x080009f1   Thumb Code   200  gui.o(i.GUI_about_show)
    GUI_blink                                0x08000b29   Thumb Code    74  gui.o(i.GUI_blink)
    GUI_invalid__init__                      0x08000b79   Thumb Code    20  gui.o(i.GUI_invalid__init__)
    GUI_invalid_action                       0x08000b91   Thumb Code    26  gui.o(i.GUI_invalid_action)
    GUI_invalid_show                         0x08000bb1   Thumb Code    92  gui.o(i.GUI_invalid_show)
    GUI_mainwindow__init__                   0x08000c45   Thumb Code    18  gui.o(i.GUI_mainwindow__init__)
    GUI_mainwindow_action                    0x08000c5d   Thumb Code    60  gui.o(i.GUI_mainwindow_action)
    GUI_mainwindow_show                      0x08000ca1   Thumb Code   280  gui.o(i.GUI_mainwindow_show)
    GUI_menu__init__                         0x08000de5   Thumb Code    20  gui.o(i.GUI_menu__init__)
    GUI_menu_action                          0x08000dfd   Thumb Code   132  gui.o(i.GUI_menu_action)
    GUI_menu_show                            0x08000e8d   Thumb Code   200  gui.o(i.GUI_menu_show)
    GUI_newScreen                            0x08000fb9   Thumb Code    24  gui.o(i.GUI_newScreen)
    GUI_newline                              0x08000fd1   Thumb Code    48  gui.o(i.GUI_newline)
    GUI_router                               0x08001005   Thumb Code   160  gui.o(i.GUI_router)
    GUI_set_speed__init__                    0x080010b5   Thumb Code    20  gui.o(i.GUI_set_speed__init__)
    GUI_set_speed_action                     0x080010cd   Thumb Code   236  gui.o(i.GUI_set_speed_action)
    GUI_set_speed_blinking_show              0x080011c5   Thumb Code    36  gui.o(i.GUI_set_speed_blinking_show)
    GUI_set_speed_show                       0x080011f1   Thumb Code   184  gui.o(i.GUI_set_speed_show)
    GUI_settingSpeed__init__                 0x08001309   Thumb Code    20  gui.o(i.GUI_settingSpeed__init__)
    GUI_settingSpeed_action                  0x08001321   Thumb Code    60  gui.o(i.GUI_settingSpeed_action)
    GUI_settingSpeed_show                    0x08001365   Thumb Code   242  gui.o(i.GUI_settingSpeed_show)
    GUI_show_speed__init__                   0x080014b1   Thumb Code    18  gui.o(i.GUI_show_speed__init__)
    GUI_show_speed_action                    0x080014c9   Thumb Code    60  gui.o(i.GUI_show_speed_action)
    GUI_show_speed_show                      0x0800150d   Thumb Code   180  gui.o(i.GUI_show_speed_show)
    GUI_writeHere                            0x08001619   Thumb Code    44  gui.o(i.GUI_writeHere)
    HAL_Delay                                0x08001645   Thumb Code    32  stm32f1xx_hal.o(i.HAL_Delay)
    HAL_GPIO_Init                            0x08001669   Thumb Code   446  stm32f1xx_hal_gpio.o(i.HAL_GPIO_Init)
    HAL_GPIO_ReadPin                         0x08001849   Thumb Code    10  stm32f1xx_hal_gpio.o(i.HAL_GPIO_ReadPin)
    HAL_GPIO_TogglePin                       0x08001853   Thumb Code    16  stm32f1xx_hal_gpio.o(i.HAL_GPIO_TogglePin)
    HAL_GPIO_WritePin                        0x08001863   Thumb Code    10  stm32f1xx_hal_gpio.o(i.HAL_GPIO_WritePin)
    HAL_GetTick                              0x0800186d   Thumb Code     6  stm32f1xx_hal.o(i.HAL_GetTick)
    HAL_I2C_Init                             0x08001879   Thumb Code   376  stm32f1xx_hal_i2c.o(i.HAL_I2C_Init)
    HAL_I2C_Mem_Write                        0x08001a01   Thumb Code   294  stm32f1xx_hal_i2c.o(i.HAL_I2C_Mem_Write)
    HAL_I2C_MspInit                          0x08001b31   Thumb Code    80  stm32f1xx_hal_msp.o(i.HAL_I2C_MspInit)
    HAL_IncTick                              0x08001b8d   Thumb Code    12  stm32f1xx_hal.o(i.HAL_IncTick)
    HAL_Init                                 0x08001b9d   Thumb Code    32  stm32f1xx_hal.o(i.HAL_Init)
    HAL_InitTick                             0x08001bc1   Thumb Code    54  stm32f1xx_hal.o(i.HAL_InitTick)
    HAL_MspInit                              0x08001c01   Thumb Code    48  stm32f1xx_hal_msp.o(i.HAL_MspInit)
    HAL_NVIC_SetPriority                     0x08001c39   Thumb Code    60  stm32f1xx_hal_cortex.o(i.HAL_NVIC_SetPriority)
    HAL_NVIC_SetPriorityGrouping             0x08001c79   Thumb Code    26  stm32f1xx_hal_cortex.o(i.HAL_NVIC_SetPriorityGrouping)
    HAL_RCC_ClockConfig                      0x08001c9d   Thumb Code   280  stm32f1xx_hal_rcc.o(i.HAL_RCC_ClockConfig)
    HAL_RCC_GetPCLK1Freq                     0x08001dc9   Thumb Code    20  stm32f1xx_hal_rcc.o(i.HAL_RCC_GetPCLK1Freq)
    HAL_RCC_GetSysClockFreq                  0x08001de9   Thumb Code    74  stm32f1xx_hal_rcc.o(i.HAL_RCC_GetSysClockFreq)
    HAL_RCC_OscConfig                        0x08001e55   Thumb Code   778  stm32f1xx_hal_rcc.o(i.HAL_RCC_OscConfig)
    HAL_SYSTICK_Config                       0x08002175   Thumb Code    40  stm32f1xx_hal_cortex.o(i.HAL_SYSTICK_Config)
    HAL_TIMEx_MasterConfigSynchronization    0x0800219d   Thumb Code    92  stm32f1xx_hal_tim_ex.o(i.HAL_TIMEx_MasterConfigSynchronization)
    HAL_TIM_MspPostInit                      0x08002205   Thumb Code    82  stm32f1xx_hal_msp.o(i.HAL_TIM_MspPostInit)
    HAL_TIM_OC_ConfigChannel                 0x08002265   Thumb Code    76  stm32f1xx_hal_tim.o(i.HAL_TIM_OC_ConfigChannel)
    HAL_TIM_OC_Init                          0x080022b1   Thumb Code    90  stm32f1xx_hal_tim.o(i.HAL_TIM_OC_Init)
    HAL_TIM_OC_MspInit                       0x0800230d   Thumb Code    30  stm32f1xx_hal_msp.o(i.HAL_TIM_OC_MspInit)
    HAL_TIM_OC_Start                         0x08002331   Thumb Code   144  stm32f1xx_hal_tim.o(i.HAL_TIM_OC_Start)
    HardFault_Handler                        0x080023cd   Thumb Code     2  stm32f1xx_it.o(i.HardFault_Handler)
    MemManage_Handler                        0x08002775   Thumb Code     2  stm32f1xx_it.o(i.MemManage_Handler)
    NMI_Handler                              0x08002777   Thumb Code     2  stm32f1xx_it.o(i.NMI_Handler)
    PID_calc_dutycycle                       0x08002779   Thumb Code   134  pid.o(i.PID_calc_dutycycle)
    PID_get_nextdutycycle                    0x0800280d   Thumb Code    22  pid.o(i.PID_get_nextdutycycle)
    PendSV_Handler                           0x08002829   Thumb Code     2  stm32f1xx_it.o(i.PendSV_Handler)
    SVC_Handler                              0x0800282b   Thumb Code     2  stm32f1xx_it.o(i.SVC_Handler)
    SysTick_Handler                          0x0800282d   Thumb Code     4  stm32f1xx_it.o(i.SysTick_Handler)
    SystemClock_Config                       0x08002831   Thumb Code    66  main.o(i.SystemClock_Config)
    SystemInit                               0x08002873   Thumb Code     2  system_stm32f1xx.o(i.SystemInit)
    TIM_Base_SetConfig                       0x08002875   Thumb Code    94  stm32f1xx_hal_tim.o(i.TIM_Base_SetConfig)
    TIM_CCxChannelCmd                        0x080028e1   Thumb Code    26  stm32f1xx_hal_tim.o(i.TIM_CCxChannelCmd)
    TIM_OC2_SetConfig                        0x0800294d   Thumb Code    84  stm32f1xx_hal_tim.o(i.TIM_OC2_SetConfig)
    UsageFault_Handler                       0x08002a41   Thumb Code     2  stm32f1xx_it.o(i.UsageFault_Handler)
    __0sprintf$1                             0x08002a45   Thumb Code    34  printf1.o(i.__0sprintf$1)
    __1sprintf$1                             0x08002a45   Thumb Code     0  printf1.o(i.__0sprintf$1)
    __2sprintf                               0x08002a45   Thumb Code     0  printf1.o(i.__0sprintf$1)
    __aeabi_errno_addr                       0x08002a8d   Thumb Code     4  errno.o(i.__aeabi_errno_addr)
    __rt_errno_addr                          0x08002a8d   Thumb Code     0  errno.o(i.__aeabi_errno_addr)
    __scatterload_copy                       0x08002a95   Thumb Code    14  handlers.o(i.__scatterload_copy)
    __scatterload_null                       0x08002aa3   Thumb Code     2  handlers.o(i.__scatterload_null)
    __scatterload_zeroinit                   0x08002aa5   Thumb Code    14  handlers.o(i.__scatterload_zeroinit)
    conver2int                               0x08002c13   Thumb Code    10  gui.o(i.conver2int)
    keypad_getchar                           0x08002c1d   Thumb Code    26  keypad.o(i.keypad_getchar)
    keypad_init                              0x08002c41   Thumb Code    68  keypad.o(i.keypad_init)
    keypad_read                              0x08002c89   Thumb Code   318  keypad.o(i.keypad_read)
    keypad_setROW                            0x08002dcd   Thumb Code   198  keypad.o(i.keypad_setROW)
    main                                     0x08002e99   Thumb Code   298  main.o(i.main)
    ssd1306_DrawPixel                        0x08002fe5   Thumb Code    54  ssd1306.o(i.ssd1306_DrawPixel)
    ssd1306_Fill                             0x08003025   Thumb Code    28  ssd1306.o(i.ssd1306_Fill)
    ssd1306_GetCurser                        0x08003045   Thumb Code    12  ssd1306.o(i.ssd1306_GetCurser)
    ssd1306_Init                             0x08003055   Thumb Code   202  ssd1306.o(i.ssd1306_Init)
    ssd1306_SetCursor                        0x08003125   Thumb Code     8  ssd1306.o(i.ssd1306_SetCursor)
    ssd1306_UpdateScreen                     0x08003131   Thumb Code    66  ssd1306.o(i.ssd1306_UpdateScreen)
    ssd1306_WriteChar                        0x0800317d   Thumb Code   150  ssd1306.o(i.ssd1306_WriteChar)
    ssd1306_WriteString                      0x0800323d   Thumb Code    44  ssd1306.o(i.ssd1306_WriteString)
    stepper_Init                             0x08003269   Thumb Code    74  main.o(i.stepper_Init)
    stepper_init                             0x080032bd   Thumb Code    78  stepper.o(i.stepper_init)
    AHBPrescTable                            0x0800330a   Data          16  system_stm32f1xx.o(.constdata)
    APBPrescTable                            0x0800331a   Data           8  system_stm32f1xx.o(.constdata)
    __ctype_table                            0x080047ea   Data         129  ctype_o.o(.constdata)
    Region$$Table$$Base                      0x080048c0   Number         0  anon$$obj.o(Region$$Table)
    Region$$Table$$Limit                     0x080048e0   Number         0  anon$$obj.o(Region$$Table)
    Frequency                                0x20000000   Data           4  main.o(.data)
    uwTickFreq                               0x20000004   Data           1  stm32f1xx_hal.o(.data)
    uwTickPrio                               0x20000008   Data           4  stm32f1xx_hal.o(.data)
    uwTick                                   0x2000000c   Data           4  stm32f1xx_hal.o(.data)
    SystemCoreClock                          0x20000010   Data           4  system_stm32f1xx.o(.data)
    Font_7x10                                0x20000014   Data           8  fonts.o(.data)
    Font_11x18                               0x2000001c   Data           8  fonts.o(.data)
    blink_speed                              0x2000007c   Data           1  gui.o(.data)
    blink_counter                            0x2000007d   Data           1  gui.o(.data)
    curser_state                             0x2000007e   Data           1  gui.o(.data)
    set_speed_counter                        0x2000007f   Data           1  gui.o(.data)
    rpm_ctr_priod                            0x20000080   Data           1  gui.o(.data)
    rpm_ctr_counter                          0x20000081   Data           1  gui.o(.data)
    curser                                   0x20000082   Data           2  gui.o(.data)
    input_number                             0x20000084   Data           2  gui.o(.data)
    goal_rpm                                 0x20000086   Data           2  gui.o(.data)
    GUI_curr_dutycycle                       0x20000088   Data           2  gui.o(.data)
    input_string                             0x2000008a   Data           5  gui.o(.data)
    Error_pre                                0x20000090   Data           2  pid.o(.data)
    Error_deri                               0x20000092   Data           2  pid.o(.data)
    curr_dutycycle                           0x20000094   Data           2  pid.o(.data)
    Error                                    0x20000096   Data           2  pid.o(.data)
    Error_integral                           0x20000098   Data           4  pid.o(.data)
    P                                        0x2000009c   Data           4  pid.o(.data)
    I                                        0x200000a0   Data           4  pid.o(.data)
    D                                        0x200000a4   Data           4  pid.o(.data)
    PID_var                                  0x200000a8   Data           4  pid.o(.data)
    myapp                                    0x200000b0   Data          96  main.o(.bss)
    hi2c1                                    0x20000110   Data          84  main.o(.bss)
    htim2                                    0x20000164   Data          72  main.o(.bss)
    __initial_sp                             0x200009e8   Data           0  startup_stm32f103xb.o(STACK)



==============================================================================

Memory Map of the image

  Image Entry point : 0x080000ed

  Load Region LR_IROM1 (Base: 0x08000000, Size: 0x00004990, Max: 0x00010000, ABSOLUTE)

    Execution Region ER_IROM1 (Exec base: 0x08000000, Load base: 0x08000000, Size: 0x000048e0, Max: 0x00010000, ABSOLUTE)

    Exec Addr    Load Addr    Size         Type   Attr      Idx    E Section Name        Object

    0x08000000   0x08000000   0x000000ec   Data   RO            3    RESET               startup_stm32f103xb.o
    0x080000ec   0x080000ec   0x00000000   Code   RO         3216  * .ARM.Collect$$$$00000000  mc_w.l(entry.o)
    0x080000ec   0x080000ec   0x00000004   Code   RO         3512    .ARM.Collect$$$$00000001  mc_w.l(entry2.o)
    0x080000f0   0x080000f0   0x00000004   Code   RO         3515    .ARM.Collect$$$$00000004  mc_w.l(entry5.o)
    0x080000f4   0x080000f4   0x00000000   Code   RO         3517    .ARM.Collect$$$$00000008  mc_w.l(entry7b.o)
    0x080000f4   0x080000f4   0x00000000   Code   RO         3519    .ARM.Collect$$$$0000000A  mc_w.l(entry8b.o)
    0x080000f4   0x080000f4   0x00000008   Code   RO         3520    .ARM.Collect$$$$0000000B  mc_w.l(entry9a.o)
    0x080000fc   0x080000fc   0x00000000   Code   RO         3522    .ARM.Collect$$$$0000000D  mc_w.l(entry10a.o)
    0x080000fc   0x080000fc   0x00000000   Code   RO         3524    .ARM.Collect$$$$0000000F  mc_w.l(entry11a.o)
    0x080000fc   0x080000fc   0x00000004   Code   RO         3513    .ARM.Collect$$$$00002712  mc_w.l(entry2.o)
    0x08000100   0x08000100   0x00000024   Code   RO            4    .text               startup_stm32f103xb.o
    0x08000124   0x08000124   0x00000020   Code   RO         3219    .text               mc_w.l(llushr.o)
    0x08000144   0x08000144   0x00000024   Code   RO         3221    .text               mc_w.l(memcpya.o)
    0x08000168   0x08000168   0x00000024   Code   RO         3223    .text               mc_w.l(memseta.o)
    0x0800018c   0x0800018c   0x0000001c   Code   RO         3225    .text               mc_w.l(strcmp.o)
    0x080001a8   0x080001a8   0x0000001a   Code   RO         3490    .text               mc_w.l(atoi.o)
    0x080001c2   0x080001c2   0x000000b0   Code   RO         3492    .text               mf_w.l(fadd.o)
    0x08000272   0x08000272   0x00000064   Code   RO         3494    .text               mf_w.l(fmul.o)
    0x080002d6   0x080002d6   0x0000014e   Code   RO         3496    .text               mf_w.l(dadd.o)
    0x08000424   0x08000424   0x000000e4   Code   RO         3498    .text               mf_w.l(dmul.o)
    0x08000508   0x08000508   0x00000012   Code   RO         3500    .text               mf_w.l(fflti.o)
    0x0800051a   0x0800051a   0x0000000a   Code   RO         3502    .text               mf_w.l(ffltui.o)
    0x08000524   0x08000524   0x00000022   Code   RO         3504    .text               mf_w.l(dflti.o)
    0x08000546   0x08000546   0x00000028   Code   RO         3506    .text               mf_w.l(ffixui.o)
    0x0800056e   0x0800056e   0x00000026   Code   RO         3508    .text               mf_w.l(f2d.o)
    0x08000594   0x08000594   0x00000038   Code   RO         3510    .text               mf_w.l(d2f.o)
    0x080005cc   0x080005cc   0x0000002c   Code   RO         3529    .text               mc_w.l(uidiv.o)
    0x080005f8   0x080005f8   0x0000001e   Code   RO         3533    .text               mc_w.l(llshl.o)
    0x08000616   0x08000616   0x00000024   Code   RO         3535    .text               mc_w.l(llsshr.o)
    0x0800063a   0x0800063a   0x00000070   Code   RO         3544    .text               mc_w.l(strtol.o)
    0x080006aa   0x080006aa   0x00000000   Code   RO         3546    .text               mc_w.l(iusefp.o)
    0x080006aa   0x080006aa   0x0000006e   Code   RO         3547    .text               mf_w.l(fepilogue.o)
    0x08000718   0x08000718   0x000000ba   Code   RO         3549    .text               mf_w.l(depilogue.o)
    0x080007d2   0x080007d2   0x00000002   PAD
    0x080007d4   0x080007d4   0x00000024   Code   RO         3557    .text               mc_w.l(init.o)
    0x080007f8   0x080007f8   0x00000008   Code   RO         3560    .text               mc_w.l(ctype_o.o)
    0x08000800   0x08000800   0x0000009e   Code   RO         3588    .text               mc_w.l(_strtoul.o)
    0x0800089e   0x0800089e   0x0000001c   Code   RO         3591    .text               mc_w.l(_chval.o)
    0x080008ba   0x080008ba   0x00000002   Code   RO          196    i.BusFault_Handler  stm32f1xx_it.o
    0x080008bc   0x080008bc   0x00000002   Code   RO          197    i.DebugMon_Handler  stm32f1xx_it.o
    0x080008be   0x080008be   0x00000002   PAD
    0x080008c0   0x080008c0   0x000000b4   Code   RO         2934    i.GUI_DotheAction   gui.o
    0x08000974   0x08000974   0x0000000e   Code   RO         2935    i.GUI_GoTo          gui.o
    0x08000982   0x08000982   0x00000034   Code   RO         2936    i.GUI_ShowWin       gui.o
    0x080009b6   0x080009b6   0x00000002   PAD
    0x080009b8   0x080009b8   0x00000018   Code   RO         2937    i.GUI_about__init__  gui.o
    0x080009d0   0x080009d0   0x00000020   Code   RO         2938    i.GUI_about_action  gui.o
    0x080009f0   0x080009f0   0x00000138   Code   RO         2939    i.GUI_about_show    gui.o
    0x08000b28   0x08000b28   0x00000050   Code   RO         2940    i.GUI_blink         gui.o
    0x08000b78   0x08000b78   0x00000018   Code   RO         2941    i.GUI_invalid__init__  gui.o
    0x08000b90   0x08000b90   0x00000020   Code   RO         2942    i.GUI_invalid_action  gui.o
    0x08000bb0   0x08000bb0   0x00000094   Code   RO         2943    i.GUI_invalid_show  gui.o
    0x08000c44   0x08000c44   0x00000018   Code   RO         2944    i.GUI_mainwindow__init__  gui.o
    0x08000c5c   0x08000c5c   0x00000044   Code   RO         2945    i.GUI_mainwindow_action  gui.o
    0x08000ca0   0x08000ca0   0x00000144   Code   RO         2946    i.GUI_mainwindow_show  gui.o
    0x08000de4   0x08000de4   0x00000018   Code   RO         2947    i.GUI_menu__init__  gui.o
    0x08000dfc   0x08000dfc   0x00000090   Code   RO         2948    i.GUI_menu_action   gui.o
    0x08000e8c   0x08000e8c   0x0000012c   Code   RO         2949    i.GUI_menu_show     gui.o
    0x08000fb8   0x08000fb8   0x00000018   Code   RO         2950    i.GUI_newScreen     gui.o
    0x08000fd0   0x08000fd0   0x00000034   Code   RO         2951    i.GUI_newline       gui.o
    0x08001004   0x08001004   0x000000b0   Code   RO         2952    i.GUI_router        gui.o
    0x080010b4   0x080010b4   0x00000018   Code   RO         2953    i.GUI_set_speed__init__  gui.o
    0x080010cc   0x080010cc   0x000000f8   Code   RO         2954    i.GUI_set_speed_action  gui.o
    0x080011c4   0x080011c4   0x0000002c   Code   RO         2955    i.GUI_set_speed_blinking_show  gui.o
    0x080011f0   0x080011f0   0x00000118   Code   RO         2956    i.GUI_set_speed_show  gui.o
    0x08001308   0x08001308   0x00000018   Code   RO         2957    i.GUI_settingSpeed__init__  gui.o
    0x08001320   0x08001320   0x00000044   Code   RO         2958    i.GUI_settingSpeed_action  gui.o
    0x08001364   0x08001364   0x0000014c   Code   RO         2959    i.GUI_settingSpeed_show  gui.o
    0x080014b0   0x080014b0   0x00000018   Code   RO         2960    i.GUI_show_speed__init__  gui.o
    0x080014c8   0x080014c8   0x00000044   Code   RO         2961    i.GUI_show_speed_action  gui.o
    0x0800150c   0x0800150c   0x0000010c   Code   RO         2962    i.GUI_show_speed_show  gui.o
    0x08001618   0x08001618   0x0000002c   Code   RO         2963    i.GUI_writeHere     gui.o
    0x08001644   0x08001644   0x00000024   Code   RO          795    i.HAL_Delay         stm32f1xx_hal.o
    0x08001668   0x08001668   0x000001e0   Code   RO         1103    i.HAL_GPIO_Init     stm32f1xx_hal_gpio.o
    0x08001848   0x08001848   0x0000000a   Code   RO         1105    i.HAL_GPIO_ReadPin  stm32f1xx_hal_gpio.o
    0x08001852   0x08001852   0x00000010   Code   RO         1106    i.HAL_GPIO_TogglePin  stm32f1xx_hal_gpio.o
    0x08001862   0x08001862   0x0000000a   Code   RO         1107    i.HAL_GPIO_WritePin  stm32f1xx_hal_gpio.o
    0x0800186c   0x0800186c   0x0000000c   Code   RO          799    i.HAL_GetTick       stm32f1xx_hal.o
    0x08001878   0x08001878   0x00000188   Code   RO          372    i.HAL_I2C_Init      stm32f1xx_hal_i2c.o
    0x08001a00   0x08001a00   0x00000130   Code   RO          393    i.HAL_I2C_Mem_Write  stm32f1xx_hal_i2c.o
    0x08001b30   0x08001b30   0x0000005c   Code   RO          272    i.HAL_I2C_MspInit   stm32f1xx_hal_msp.o
    0x08001b8c   0x08001b8c   0x00000010   Code   RO          805    i.HAL_IncTick       stm32f1xx_hal.o
    0x08001b9c   0x08001b9c   0x00000024   Code   RO          806    i.HAL_Init          stm32f1xx_hal.o
    0x08001bc0   0x08001bc0   0x00000040   Code   RO          807    i.HAL_InitTick      stm32f1xx_hal.o
    0x08001c00   0x08001c00   0x00000038   Code   RO          273    i.HAL_MspInit       stm32f1xx_hal_msp.o
    0x08001c38   0x08001c38   0x00000040   Code   RO         1269    i.HAL_NVIC_SetPriority  stm32f1xx_hal_cortex.o
    0x08001c78   0x08001c78   0x00000024   Code   RO         1270    i.HAL_NVIC_SetPriorityGrouping  stm32f1xx_hal_cortex.o
    0x08001c9c   0x08001c9c   0x0000012c   Code   RO          963    i.HAL_RCC_ClockConfig  stm32f1xx_hal_rcc.o
    0x08001dc8   0x08001dc8   0x00000020   Code   RO          970    i.HAL_RCC_GetPCLK1Freq  stm32f1xx_hal_rcc.o
    0x08001de8   0x08001de8   0x0000006c   Code   RO          972    i.HAL_RCC_GetSysClockFreq  stm32f1xx_hal_rcc.o
    0x08001e54   0x08001e54   0x00000320   Code   RO          975    i.HAL_RCC_OscConfig  stm32f1xx_hal_rcc.o
    0x08002174   0x08002174   0x00000028   Code   RO         1274    i.HAL_SYSTICK_Config  stm32f1xx_hal_cortex.o
    0x0800219c   0x0800219c   0x00000068   Code   RO         2488    i.HAL_TIMEx_MasterConfigSynchronization  stm32f1xx_hal_tim_ex.o
    0x08002204   0x08002204   0x00000060   Code   RO          274    i.HAL_TIM_MspPostInit  stm32f1xx_hal_msp.o
    0x08002264   0x08002264   0x0000004c   Code   RO         1814    i.HAL_TIM_OC_ConfigChannel  stm32f1xx_hal_tim.o
    0x080022b0   0x080022b0   0x0000005a   Code   RO         1818    i.HAL_TIM_OC_Init   stm32f1xx_hal_tim.o
    0x0800230a   0x0800230a   0x00000002   PAD
    0x0800230c   0x0800230c   0x00000024   Code   RO          276    i.HAL_TIM_OC_MspInit  stm32f1xx_hal_msp.o
    0x08002330   0x08002330   0x0000009c   Code   RO         1821    i.HAL_TIM_OC_Start  stm32f1xx_hal_tim.o
    0x080023cc   0x080023cc   0x00000002   Code   RO          198    i.HardFault_Handler  stm32f1xx_it.o
    0x080023ce   0x080023ce   0x0000002e   Code   RO          414    i.I2C_IsAcknowledgeFailed  stm32f1xx_hal_i2c.o
    0x080023fc   0x080023fc   0x000000a8   Code   RO          425    i.I2C_RequestMemoryWrite  stm32f1xx_hal_i2c.o
    0x080024a4   0x080024a4   0x0000004c   Code   RO          428    i.I2C_WaitOnBTFFlagUntilTimeout  stm32f1xx_hal_i2c.o
    0x080024f0   0x080024f0   0x00000068   Code   RO          429    i.I2C_WaitOnFlagUntilTimeout  stm32f1xx_hal_i2c.o
    0x08002558   0x08002558   0x00000096   Code   RO          430    i.I2C_WaitOnMasterAddressFlagUntilTimeout  stm32f1xx_hal_i2c.o
    0x080025ee   0x080025ee   0x0000004c   Code   RO          432    i.I2C_WaitOnTXEFlagUntilTimeout  stm32f1xx_hal_i2c.o
    0x0800263a   0x0800263a   0x00000002   PAD
    0x0800263c   0x0800263c   0x000000d8   Code   RO           14    i.MX_GPIO_Init      main.o
    0x08002714   0x08002714   0x00000060   Code   RO           15    i.MX_TIM2_Init      main.o
    0x08002774   0x08002774   0x00000002   Code   RO          199    i.MemManage_Handler  stm32f1xx_it.o
    0x08002776   0x08002776   0x00000002   Code   RO          200    i.NMI_Handler       stm32f1xx_it.o
    0x08002778   0x08002778   0x00000094   Code   RO         3154    i.PID_calc_dutycycle  pid.o
    0x0800280c   0x0800280c   0x0000001c   Code   RO         3155    i.PID_get_nextdutycycle  pid.o
    0x08002828   0x08002828   0x00000002   Code   RO          201    i.PendSV_Handler    stm32f1xx_it.o
    0x0800282a   0x0800282a   0x00000002   Code   RO          202    i.SVC_Handler       stm32f1xx_it.o
    0x0800282c   0x0800282c   0x00000004   Code   RO          203    i.SysTick_Handler   stm32f1xx_it.o
    0x08002830   0x08002830   0x00000042   Code   RO           16    i.SystemClock_Config  main.o
    0x08002872   0x08002872   0x00000002   Code   RO         2737    i.SystemInit        system_stm32f1xx.o
    0x08002874   0x08002874   0x0000006c   Code   RO         1858    i.TIM_Base_SetConfig  stm32f1xx_hal_tim.o
    0x080028e0   0x080028e0   0x0000001a   Code   RO         1859    i.TIM_CCxChannelCmd  stm32f1xx_hal_tim.o
    0x080028fa   0x080028fa   0x00000002   PAD
    0x080028fc   0x080028fc   0x00000050   Code   RO         1871    i.TIM_OC1_SetConfig  stm32f1xx_hal_tim.o
    0x0800294c   0x0800294c   0x00000058   Code   RO         1872    i.TIM_OC2_SetConfig  stm32f1xx_hal_tim.o
    0x080029a4   0x080029a4   0x00000058   Code   RO         1873    i.TIM_OC3_SetConfig  stm32f1xx_hal_tim.o
    0x080029fc   0x080029fc   0x00000044   Code   RO         1874    i.TIM_OC4_SetConfig  stm32f1xx_hal_tim.o
    0x08002a40   0x08002a40   0x00000002   Code   RO          204    i.UsageFault_Handler  stm32f1xx_it.o
    0x08002a42   0x08002a42   0x00000002   PAD
    0x08002a44   0x08002a44   0x00000028   Code   RO         3276    i.__0sprintf$1      mc_w.l(printf1.o)
    0x08002a6c   0x08002a6c   0x00000020   Code   RO         1276    i.__NVIC_SetPriority  stm32f1xx_hal_cortex.o
    0x08002a8c   0x08002a8c   0x00000008   Code   RO         3537    i.__aeabi_errno_addr  mc_w.l(errno.o)
    0x08002a94   0x08002a94   0x0000000e   Code   RO         3595    i.__scatterload_copy  mc_w.l(handlers.o)
    0x08002aa2   0x08002aa2   0x00000002   Code   RO         3596    i.__scatterload_null  mc_w.l(handlers.o)
    0x08002aa4   0x08002aa4   0x0000000e   Code   RO         3597    i.__scatterload_zeroinit  mc_w.l(handlers.o)
    0x08002ab2   0x08002ab2   0x00000002   PAD
    0x08002ab4   0x08002ab4   0x00000154   Code   RO         3281    i._printf_core      mc_w.l(printf1.o)
    0x08002c08   0x08002c08   0x0000000a   Code   RO         3283    i._sputc            mc_w.l(printf1.o)
    0x08002c12   0x08002c12   0x0000000a   Code   RO         2965    i.conver2int        gui.o
    0x08002c1c   0x08002c1c   0x00000024   Code   RO         2885    i.keypad_getchar    keypad.o
    0x08002c40   0x08002c40   0x00000048   Code   RO         2886    i.keypad_init       keypad.o
    0x08002c88   0x08002c88   0x00000144   Code   RO         2887    i.keypad_read       keypad.o
    0x08002dcc   0x08002dcc   0x000000cc   Code   RO         2888    i.keypad_setROW     keypad.o
    0x08002e98   0x08002e98   0x0000014c   Code   RO           17    i.main              main.o
    0x08002fe4   0x08002fe4   0x00000040   Code   RO         2803    i.ssd1306_DrawPixel  ssd1306.o
    0x08003024   0x08003024   0x00000020   Code   RO         2804    i.ssd1306_Fill      ssd1306.o
    0x08003044   0x08003044   0x00000010   Code   RO         2805    i.ssd1306_GetCurser  ssd1306.o
    0x08003054   0x08003054   0x000000d0   Code   RO         2806    i.ssd1306_Init      ssd1306.o
    0x08003124   0x08003124   0x0000000c   Code   RO         2807    i.ssd1306_SetCursor  ssd1306.o
    0x08003130   0x08003130   0x0000004c   Code   RO         2808    i.ssd1306_UpdateScreen  ssd1306.o
    0x0800317c   0x0800317c   0x0000009c   Code   RO         2809    i.ssd1306_WriteChar  ssd1306.o
    0x08003218   0x08003218   0x00000024   Code   RO         2810    i.ssd1306_WriteCommand  ssd1306.o
    0x0800323c   0x0800323c   0x0000002c   Code   RO         2811    i.ssd1306_WriteString  ssd1306.o
    0x08003268   0x08003268   0x00000054   Code   RO           18    i.stepper_Init      main.o
    0x080032bc   0x080032bc   0x0000004e   Code   RO         3192    i.stepper_init      stepper.o
    0x0800330a   0x0800330a   0x00000010   Data   RO         2738    .constdata          system_stm32f1xx.o
    0x0800331a   0x0800331a   0x00000008   Data   RO         2739    .constdata          system_stm32f1xx.o
    0x08003322   0x08003322   0x0000076c   Data   RO         2774    .constdata          fonts.o
    0x08003a8e   0x08003a8e   0x00000d5c   Data   RO         2775    .constdata          fonts.o
    0x080047ea   0x080047ea   0x00000081   Data   RO         3561    .constdata          mc_w.l(ctype_o.o)
    0x0800486b   0x0800486b   0x00000001   PAD
    0x0800486c   0x0800486c   0x00000004   Data   RO         3562    .constdata          mc_w.l(ctype_o.o)
    0x08004870   0x08004870   0x0000004e   Data   RO         2890    .conststring        keypad.o
    0x080048be   0x080048be   0x00000002   PAD
    0x080048c0   0x080048c0   0x00000020   Data   RO         3593    Region$$Table       anon$$obj.o


    Execution Region RW_IRAM1 (Exec base: 0x20000000, Load base: 0x080048e0, Size: 0x000009e8, Max: 0x00005000, ABSOLUTE)

    Exec Addr    Load Addr    Size         Type   Attr      Idx    E Section Name        Object

    0x20000000   0x080048e0   0x00000004   Data   RW           20    .data               main.o
    0x20000004   0x080048e4   0x0000000c   Data   RW          813    .data               stm32f1xx_hal.o
    0x20000010   0x080048f0   0x00000004   Data   RW         2740    .data               system_stm32f1xx.o
    0x20000014   0x080048f4   0x00000008   Data   RW         2777    .data               fonts.o
    0x2000001c   0x080048fc   0x00000008   Data   RW         2778    .data               fonts.o
    0x20000024   0x08004904   0x00000006   Data   RW         2813    .data               ssd1306.o
    0x2000002a   0x0800490a   0x00000002   PAD
    0x2000002c   0x0800490c   0x00000050   Data   RW         2891    .data               keypad.o
    0x2000007c   0x0800495c   0x00000013   Data   RW         2969    .data               gui.o
    0x2000008f   0x0800496f   0x00000001   PAD
    0x20000090   0x08004970   0x0000001c   Data   RW         3156    .data               pid.o
    0x200000ac   0x0800498c   0x00000004   Data   RW         3540    .data               mc_w.l(errno.o)
    0x200000b0        -       0x000000fc   Zero   RW           19    .bss                main.o
    0x200001ac        -       0x00000400   Zero   RW         2812    .bss                ssd1306.o
    0x200005ac        -       0x00000038   Zero   RW         2889    .bss                keypad.o
    0x200005e4   0x08004990   0x00000004   PAD
    0x200005e8        -       0x00000400   Zero   RW            1    STACK               startup_stm32f103xb.o


==============================================================================

Image component sizes


      Code (inc. data)   RO Data    RW Data    ZI Data      Debug   Object Name

         0          0       5320         16          0       1102   fonts.o
      3468        734          0         19          0      21122   gui.o
       636         32         78         80         56       3581   keypad.o
       794         68          0          4        252     431042   main.o
       176         20          0         28          0       2051   pid.o
       644         50          0          6       1024       7185   ssd1306.o
        36          8        236          0       1024        808   startup_stm32f103xb.o
        78          0          0          0          0       1423   stepper.o
       164         28          0         12          0       5953   stm32f1xx_hal.o
       172         14          0          0          0      28310   stm32f1xx_hal_cortex.o
       516         34          0          0          0       4152   stm32f1xx_hal_gpio.o
      1316         32          0          0          0       9223   stm32f1xx_hal_i2c.o
       280         40          0          0          0       2815   stm32f1xx_hal_msp.o
      1240         88          0          0          0       4661   stm32f1xx_hal_rcc.o
       780         46          0          0          0       7795   stm32f1xx_hal_tim.o
       104         12          0          0          0       1336   stm32f1xx_hal_tim_ex.o
        20          0          0          0          0       3926   stm32f1xx_it.o
         2          0         24          4          0       1131   system_stm32f1xx.o

    ----------------------------------------------------------------------
     10438       1206       5692        172       2360     537616   Object Totals
         0          0         32          0          0          0   (incl. Generated)
        12          0          2          3          4          0   (incl. Padding)

    ----------------------------------------------------------------------

      Code (inc. data)   RO Data    RW Data    ZI Data      Debug   Library Member Name

        28          0          0          0          0         68   _chval.o
       158          0          0          0          0         92   _strtoul.o
        26          0          0          0          0         80   atoi.o
         8          4        133          0          0         68   ctype_o.o
         0          0          0          0          0          0   entry.o
         0          0          0          0          0          0   entry10a.o
         0          0          0          0          0          0   entry11a.o
         8          4          0          0          0          0   entry2.o
         4          0          0          0          0          0   entry5.o
         0          0          0          0          0          0   entry7b.o
         0          0          0          0          0          0   entry8b.o
         8          4          0          0          0          0   entry9a.o
         8          4          0          4          0         68   errno.o
        30          0          0          0          0          0   handlers.o
        36          8          0          0          0         68   init.o
         0          0          0          0          0          0   iusefp.o
        30          0          0          0          0         68   llshl.o
        36          0          0          0          0         68   llsshr.o
        32          0          0          0          0         68   llushr.o
        36          0          0          0          0         68   memcpya.o
        36          0          0          0          0        108   memseta.o
       390         10          0          0          0        252   printf1.o
        28          0          0          0          0         76   strcmp.o
       112          0          0          0          0         88   strtol.o
        44          0          0          0          0         80   uidiv.o
        56          0          0          0          0         88   d2f.o
       334          0          0          0          0        148   dadd.o
       186          0          0          0          0        176   depilogue.o
        34          0          0          0          0         76   dflti.o
       228          0          0          0          0         96   dmul.o
        38          0          0          0          0         68   f2d.o
       176          0          0          0          0        140   fadd.o
       110          0          0          0          0        168   fepilogue.o
        40          0          0          0          0         68   ffixui.o
        18          0          0          0          0         68   fflti.o
        10          0          0          0          0         68   ffltui.o
       100          0          0          0          0         76   fmul.o

    ----------------------------------------------------------------------
      2392         34        134          4          0       2560   Library Totals
         4          0          1          0          0          0   (incl. Padding)

    ----------------------------------------------------------------------

      Code (inc. data)   RO Data    RW Data    ZI Data      Debug   Library Name

      1058         34        133          4          0       1320   mc_w.l
      1330          0          0          0          0       1240   mf_w.l

    ----------------------------------------------------------------------
      2392         34        134          4          0       2560   Library Totals

    ----------------------------------------------------------------------

==============================================================================


      Code (inc. data)   RO Data    RW Data    ZI Data      Debug   

     12830       1240       5826        176       2360     533880   Grand Totals
     12830       1240       5826        176       2360     533880   ELF Image Totals
     12830       1240       5826        176          0          0   ROM Totals

==============================================================================

    Total RO  Size (Code + RO Data)                18656 (  18.22kB)
    Total RW  Size (RW Data + ZI Data)              2536 (   2.48kB)
    Total ROM Size (Code + RO Data + RW Data)      18832 (  18.39kB)

==============================================================================

